Apr 26 16:48:30 anubis newsyslog[90195]: logfile first created
Apr 26 16:48:30 anubis syslogd: kernel boot file is /boot/kernel/kernel
Apr 26 16:48:30 anubis kernel: Waiting (max 60 seconds) for system process `vnlru' to stop... done
Apr 26 16:48:30 anubis kernel: Waiting (max 60 seconds) for system process `syncer' to stop... 
Apr 26 16:48:30 anubis kernel: Syncing disks, vnodes remaining... 0 0 0 0 done
Apr 26 16:48:30 anubis kernel: Waiting (max 60 seconds) for system thread `bufdaemon' to stop... done
Apr 26 16:48:30 anubis kernel: Waiting (max 60 seconds) for system thread `bufspacedaemon-0' to stop... done
Apr 26 16:48:30 anubis kernel: Waiting (max 60 seconds) for system thread `bufspacedaemon-2' to stop... done
Apr 26 16:48:30 anubis kernel: Waiting (max 60 seconds) for system thread `bufspacedaemon-1' to stop... done
Apr 26 16:48:30 anubis kernel: Waiting (max 60 seconds) for system thread `bufspacedaemon-3' to stop... done
Apr 26 16:48:30 anubis kernel: All buffers synced.
Apr 26 16:48:30 anubis kernel: Uptime: 16m19s
Apr 26 16:48:30 anubis kernel: ugen3.3: <Generic WebCam SC-13HDL12131N> at usbus3
Apr 26 16:48:30 anubis kernel: umass0: detached
Apr 26 16:48:30 anubis kernel: ugen1.2: <Initio DVDRAM GMA-4082N> at usbus1
Apr 26 16:48:30 anubis kernel: umass0 on uhub4
Apr 26 16:48:30 anubis kernel: umass0: <Initio DVDRAM GMA-4082N, class 0/0, rev 2.00/1.06, addr 2> on usbus1
Apr 26 16:48:30 anubis kernel: umass0:  8070i (ATAPI) over Bulk-Only; quirks = 0x4000
Apr 26 16:48:30 anubis kernel: umass0:2:0: Attached to scbus2
Apr 26 16:48:30 anubis kernel: (probe0:umass-sim0:0:0:0): INQUIRY. CDB: 12 00 00 00 24 00 
Apr 26 16:48:30 anubis kernel: (probe0:umass-sim0:0:0:0): CAM status: CCB request completed with an error
Apr 26 16:48:30 anubis kernel: (probe0:umass-sim0:0:0:0): Retrying command, 3 more tries remain
Apr 26 16:48:30 anubis kernel: (probe0:umass-sim0:0:0:0): INQUIRY. CDB: 12 00 00 00 24 00 
Apr 26 16:48:30 anubis kernel: (probe0:umass-sim0:0:0:0): CAM status: CCB request completed with an error
Apr 26 16:48:30 anubis kernel: (probe0:umass-sim0:0:0:0): Retrying command, 2 more tries remain
Apr 26 16:48:30 anubis kernel: (probe0:umass-sim0:0:0:0): INQUIRY. CDB: 12 00 00 00 24 00 
Apr 26 16:48:30 anubis kernel: (probe0:umass-sim0:0:0:0): CAM status: CCB request completed with an error
Apr 26 16:48:30 anubis kernel: (probe0:umass-sim0:0:0:0): Retrying command, 1 more tries remain
Apr 26 16:48:30 anubis kernel: (probe0:umass-sim0:0:0:0): INQUIRY. CDB: 12 00 00 00 24 00 
Apr 26 16:48:30 anubis kernel: (probe0:umass-sim0:0:0:0): CAM status: CCB request completed with an error
Apr 26 16:48:30 anubis kernel: (probe0:umass-sim0:0:0:0): Retrying command, 0 more tries remain
Apr 26 16:48:30 anubis kernel: (probe0:umass-sim0:0:0:0): INQUIRY. CDB: 12 00 00 00 24 00 
Apr 26 16:48:30 anubis kernel: (probe0:umass-sim0:0:0:0): CAM status: CCB request completed with an error
Apr 26 16:48:30 anubis kernel: (probe0:umass-sim0:0:0:0): Error 5, Retries exhausted
Apr 26 16:48:30 anubis kernel: umass0: detached
Apr 26 16:48:30 anubis kernel: re0: link state changed to DOWN
Apr 26 16:48:30 anubis kernel: ---<<BOOT>>---
Apr 26 16:48:30 anubis kernel: Copyright (c) 1992-2019 The FreeBSD Project.
Apr 26 16:48:30 anubis kernel: Copyright (c) 1979, 1980, 1983, 1986, 1988, 1989, 1991, 1992, 1993, 1994
Apr 26 16:48:30 anubis kernel: 	The Regents of the University of California. All rights reserved.
Apr 26 16:48:30 anubis kernel: FreeBSD is a registered trademark of The FreeBSD Foundation.
Apr 26 16:48:30 anubis kernel: FreeBSD 12.1-RELEASE r354233 GENERIC amd64
Apr 26 16:48:30 anubis kernel: FreeBSD clang version 8.0.1 (tags/RELEASE_801/final 366581) (based on LLVM 8.0.1)
Apr 26 16:48:30 anubis kernel: VT(efifb): resolution 1024x768
Apr 26 16:48:30 anubis kernel: CPU: AMD A6-4455M APU with Radeon(tm) HD Graphics    (2096.33-MHz K8-class CPU)
Apr 26 16:48:30 anubis kernel:   Origin="AuthenticAMD"  Id=0x610f01  Family=0x15  Model=0x10  Stepping=1
Apr 26 16:48:30 anubis kernel:   Features=0x178bfbff<FPU,VME,DE,PSE,TSC,MSR,PAE,MCE,CX8,APIC,SEP,MTRR,PGE,MCA,CMOV,PAT,PSE36,CLFLUSH,MMX,FXSR,SSE,SSE2,HTT>
Apr 26 16:48:30 anubis kernel:   Features2=0x3e98320b<SSE3,PCLMULQDQ,MON,SSSE3,FMA,CX16,SSE4.1,SSE4.2,POPCNT,AESNI,XSAVE,OSXSAVE,AVX,F16C>
Apr 26 16:48:30 anubis kernel:   AMD Features=0x2e500800<SYSCALL,NX,MMX+,FFXSR,Page1GB,RDTSCP,LM>
Apr 26 16:48:30 anubis kernel:   AMD Features2=0x1ebbfff<LAHF,CMP,SVM,ExtAPIC,CR8,ABM,SSE4A,MAS,Prefetch,OSVW,IBS,XOP,SKINIT,WDT,LWP,FMA4,TCE,NodeId,TBM,Topology,PCXC,PNXC>
Apr 26 16:48:30 anubis kernel:   Structured Extended Features=0x8<BMI1>
Apr 26 16:48:30 anubis kernel:   SVM: NP,NRIP,VClean,AFlush,DAssist,NAsids=65536
Apr 26 16:48:30 anubis kernel:   TSC: P-state invariant, performance statistics
Apr 26 16:48:30 anubis kernel: real memory  = 8589934592 (8192 MB)
Apr 26 16:48:30 anubis kernel: avail memory = 7693733888 (7337 MB)
Apr 26 16:48:30 anubis kernel: Event timer "LAPIC" quality 600
Apr 26 16:48:30 anubis kernel: ACPI APIC Table: <SECCSD LH43STAR>
Apr 26 16:48:30 anubis kernel: FreeBSD/SMP: Multiprocessor System Detected: 2 CPUs
Apr 26 16:48:30 anubis kernel: FreeBSD/SMP: 1 package(s) x 2 core(s)
Apr 26 16:48:30 anubis kernel: random: unblocking device.
Apr 26 16:48:30 anubis kernel: Firmware Warning (ACPI): Optional FADT field Pm2ControlBlock has valid Length but zero Address: 0x0000000000000000/0x1 (20181213/tbfadt-796)
Apr 26 16:48:30 anubis kernel: ioapic0 <Version 2.1> irqs 0-23 on motherboard
Apr 26 16:48:30 anubis kernel: Launching APs: 1
Apr 26 16:48:30 anubis kernel: Timecounter "TSC" frequency 2096329929 Hz quality 1000
Apr 26 16:48:30 anubis kernel: random: entropy device external interface
Apr 26 16:48:30 anubis kernel: kbd1 at kbdmux0
Apr 26 16:48:30 anubis kernel: 000.000023 [4335] netmap_init               netmap: loaded module
Apr 26 16:48:30 anubis kernel: [ath_hal] loaded
Apr 26 16:48:30 anubis kernel: module_register_init: MOD_LOAD (vesa, 0xffffffff8112e050, 0) error 19
Apr 26 16:48:30 anubis kernel: nexus0
Apr 26 16:48:30 anubis kernel: efirtc0: <EFI Realtime Clock> on motherboard
Apr 26 16:48:30 anubis kernel: efirtc0: registered as a time-of-day clock, resolution 1.000000s
Apr 26 16:48:30 anubis kernel: cryptosoft0: <software crypto> on motherboard
Apr 26 16:48:30 anubis kernel: aesni0: <AES-CBC,AES-CCM,AES-GCM,AES-ICM,AES-XTS> on motherboard
Apr 26 16:48:30 anubis kernel: acpi0: <SECCSD LH43STAR> on motherboard
Apr 26 16:48:30 anubis kernel: acpi0: Power Button (fixed)
Apr 26 16:48:30 anubis kernel: cpu0: <ACPI CPU> on acpi0
Apr 26 16:48:30 anubis kernel: attimer0: <AT timer> port 0x40-0x43 irq 0 on acpi0
Apr 26 16:48:30 anubis kernel: Timecounter "i8254" frequency 1193182 Hz quality 0
Apr 26 16:48:30 anubis kernel: Event timer "i8254" frequency 1193182 Hz quality 100
Apr 26 16:48:30 anubis kernel: atrtc0: <AT realtime clock> port 0x70-0x71 irq 8 on acpi0
Apr 26 16:48:30 anubis kernel: atrtc0: registered as a time-of-day clock, resolution 1.000000s
Apr 26 16:48:30 anubis kernel: Event timer "RTC" frequency 32768 Hz quality 0
Apr 26 16:48:30 anubis kernel: hpet0: <High Precision Event Timer> iomem 0xfed00000-0xfed003ff on acpi0
Apr 26 16:48:30 anubis kernel: Timecounter "HPET" frequency 14318180 Hz quality 950
Apr 26 16:48:30 anubis kernel: Timecounter "ACPI-fast" frequency 3579545 Hz quality 900
Apr 26 16:48:30 anubis kernel: acpi_timer0: <32-bit timer at 3.579545MHz> port 0x808-0x80b on acpi0
Apr 26 16:48:30 anubis kernel: acpi_ec0: <Embedded Controller: GPE 0x3> port 0x62,0x66 on acpi0
Apr 26 16:48:30 anubis kernel: pcib0: <ACPI Host-PCI bridge> port 0xcf8-0xcff on acpi0
Apr 26 16:48:30 anubis kernel: pci0: <ACPI PCI bus> on pcib0
Apr 26 16:48:30 anubis kernel: vgapci0: <VGA-compatible display> port 0xf000-0xf0ff mem 0xc0000000-0xcfffffff,0xfeb00000-0xfeb3ffff at device 1.0 on pci0
Apr 26 16:48:30 anubis kernel: vgapci0: Boot video device
Apr 26 16:48:30 anubis kernel: hdac0: <ATI (0x9902) HDA Controller> mem 0xfeb44000-0xfeb47fff at device 1.1 on pci0
Apr 26 16:48:30 anubis kernel: hdac0: hdac_get_capabilities: Invalid corb size (0)
Apr 26 16:48:30 anubis kernel: device_attach: hdac0 attach returned 6
Apr 26 16:48:30 anubis kernel: pcib1: <ACPI PCI-PCI bridge> at device 4.0 on pci0
Apr 26 16:48:30 anubis kernel: pci1: <ACPI PCI bus> on pcib1
Apr 26 16:48:30 anubis kernel: re0: <RealTek 8168/8111 B/C/CP/D/DP/E/F/G PCIe Gigabit Ethernet> port 0xe000-0xe0ff mem 0xd0004000-0xd0004fff,0xd0000000-0xd0003fff at device 0.0 on pci1
Apr 26 16:48:30 anubis kernel: re0: Using 1 MSI-X message
Apr 26 16:48:30 anubis kernel: re0: ASPM disabled
Apr 26 16:48:30 anubis kernel: re0: Chip rev. 0x2c800000
Apr 26 16:48:30 anubis kernel: re0: MAC rev. 0x00100000
Apr 26 16:48:30 anubis kernel: miibus0: <MII bus> on re0
Apr 26 16:48:30 anubis kernel: rgephy0: <RTL8169S/8110S/8211 1000BASE-T media interface> PHY 1 on miibus0
Apr 26 16:48:30 anubis kernel: rgephy0:  none, 10baseT, 10baseT-FDX, 10baseT-FDX-flow, 100baseTX, 100baseTX-FDX, 100baseTX-FDX-flow, 1000baseT, 1000baseT-master, 1000baseT-FDX, 1000baseT-FDX-master, 1000baseT-FDX-flow, 1000baseT-FDX-flow-master, auto, auto-flow
Apr 26 16:48:30 anubis kernel: re0: Using defaults for TSO: 65518/35/2048
Apr 26 16:48:30 anubis kernel: re0: Ethernet address: 50:b7:c3:78:97:4d
Apr 26 16:48:30 anubis kernel: re0: netmap queues/slots: TX 1/256, RX 1/256
Apr 26 16:48:30 anubis kernel: xhci0: <XHCI (generic) USB 3.0 controller> mem 0xfeb48000-0xfeb49fff at device 16.0 on pci0
Apr 26 16:48:30 anubis kernel: xhci0: 32 bytes context size, 64-bit DMA
Apr 26 16:48:30 anubis kernel: xhci0: Unable to map MSI-X table 
Apr 26 16:48:30 anubis kernel: usbus0 on xhci0
Apr 26 16:48:30 anubis kernel: usbus0: 5.0Gbps Super Speed USB v3.0
Apr 26 16:48:30 anubis kernel: ahci0: <AMD Hudson-2 AHCI SATA controller> port 0xf140-0xf147,0xf130-0xf133,0xf120-0xf127,0xf110-0xf113,0xf100-0xf10f mem 0xfeb4e000-0xfeb4e7ff at device 17.0 on pci0
Apr 26 16:48:30 anubis kernel: ahci0: AHCI v1.30 with 2 6Gbps ports, Port Multiplier supported
Apr 26 16:48:30 anubis kernel: ahcich0: <AHCI channel> at channel 0 on ahci0
Apr 26 16:48:30 anubis kernel: ahcich3: <AHCI channel> at channel 3 on ahci0
Apr 26 16:48:30 anubis kernel: ohci0: <AMD FCH USB Controller> mem 0xfeb4d000-0xfeb4dfff at device 18.0 on pci0
Apr 26 16:48:30 anubis kernel: usbus1 on ohci0
Apr 26 16:48:30 anubis kernel: usbus1: 12Mbps Full Speed USB v1.0
Apr 26 16:48:30 anubis kernel: ehci0: <AMD FCH USB 2.0 controller> mem 0xfeb4c000-0xfeb4c0ff at device 18.2 on pci0
Apr 26 16:48:30 anubis kernel: usbus2: EHCI version 1.0
Apr 26 16:48:30 anubis kernel: usbus2 on ehci0
Apr 26 16:48:30 anubis kernel: usbus2: 480Mbps High Speed USB v2.0
Apr 26 16:48:30 anubis kernel: ohci1: <AMD FCH USB Controller> mem 0xfeb4b000-0xfeb4bfff at device 19.0 on pci0
Apr 26 16:48:30 anubis kernel: usbus3 on ohci1
Apr 26 16:48:30 anubis kernel: usbus3: 12Mbps Full Speed USB v1.0
Apr 26 16:48:30 anubis kernel: ehci1: <AMD FCH USB 2.0 controller> mem 0xfeb4a000-0xfeb4a0ff at device 19.2 on pci0
Apr 26 16:48:30 anubis kernel: usbus4: EHCI version 1.0
Apr 26 16:48:30 anubis kernel: usbus4 on ehci1
Apr 26 16:48:30 anubis kernel: usbus4: 480Mbps High Speed USB v2.0
Apr 26 16:48:30 anubis kernel: hdac0: <AMD Hudson-2 HDA Controller> mem 0xfeb40000-0xfeb43fff at device 20.2 on pci0
Apr 26 16:48:30 anubis kernel: isab0: <PCI-ISA bridge> at device 20.3 on pci0
Apr 26 16:48:30 anubis kernel: isa0: <ISA bus> on isab0
Apr 26 16:48:30 anubis kernel: pcib2: <ACPI PCI-PCI bridge> at device 20.4 on pci0
Apr 26 16:48:30 anubis kernel: pci2: <ACPI PCI bus> on pcib2
Apr 26 16:48:30 anubis kernel: pcib3: <ACPI PCI-PCI bridge> at device 21.0 on pci0
Apr 26 16:48:30 anubis kernel: pci3: <ACPI PCI bus> on pcib3
Apr 26 16:48:30 anubis kernel: ath0: <Atheros AR946x/AR948x> mem 0xfea00000-0xfea7ffff at device 0.0 on pci3
Apr 26 16:48:30 anubis kernel: ar9300_flash_map: unimplemented for now
Apr 26 16:48:30 anubis kernel: Restoring Cal data from DRAM
Apr 26 16:48:30 anubis kernel: Restoring Cal data from EEPROM
Apr 26 16:48:30 anubis kernel: Restoring Cal data from Flash
Apr 26 16:48:30 anubis syslogd: last message repeated 1 times
Apr 26 16:48:30 anubis kernel: Restoring Cal data from OTP
Apr 26 16:48:30 anubis kernel: ar9300_hw_attach: ar9300_eeprom_attach returned 0
Apr 26 16:48:30 anubis kernel: ath0: [HT] enabling HT modes
Apr 26 16:48:30 anubis kernel: ath0: [HT] enabling short-GI in 20MHz mode
Apr 26 16:48:30 anubis kernel: ath0: [HT] 1 stream STBC receive enabled
Apr 26 16:48:30 anubis kernel: ath0: [HT] 1 stream STBC transmit enabled
Apr 26 16:48:30 anubis kernel: ath0: [HT] LDPC transmit/receive enabled
Apr 26 16:48:30 anubis kernel: ath0: [HT] 2 RX streams; 2 TX streams
Apr 26 16:48:30 anubis kernel: ath0: AR9460 mac 640.2 RF5110 phy 3877.8
Apr 26 16:48:30 anubis kernel: ath0: 2GHz radio: 0x0000; 5GHz radio: 0x0000
Apr 26 16:48:30 anubis kernel: acpi_acad0: <AC Adapter> on acpi0
Apr 26 16:48:30 anubis kernel: battery0: <ACPI Control Method Battery> on acpi0
Apr 26 16:48:30 anubis kernel: acpi_lid0: <Control Method Lid Switch> on acpi0
Apr 26 16:48:30 anubis kernel: acpi_button0: <Power Button> on acpi0
Apr 26 16:48:30 anubis kernel: acpi_tz0: <Thermal Zone> on acpi0
Apr 26 16:48:30 anubis kernel: atkbdc0: <Keyboard controller (i8042)> port 0x60,0x64 irq 1 on acpi0
Apr 26 16:48:30 anubis kernel: atkbd0: <AT Keyboard> irq 1 on atkbdc0
Apr 26 16:48:30 anubis kernel: kbd0 at atkbd0
Apr 26 16:48:30 anubis kernel: atkbd0: [GIANT-LOCKED]
Apr 26 16:48:30 anubis kernel: psm0: <PS/2 Mouse> irq 12 on atkbdc0
Apr 26 16:48:30 anubis kernel: psm0: [GIANT-LOCKED]
Apr 26 16:48:30 anubis kernel: psm0: model Generic PS/2 mouse, device ID 0
Apr 26 16:48:30 anubis kernel: hwpstate0: <Cool`n'Quiet 2.0> on cpu0
Apr 26 16:48:30 anubis kernel: ZFS filesystem version: 5
Apr 26 16:48:30 anubis kernel: ZFS storage pool version: features support (5000)
Apr 26 16:48:30 anubis kernel: Timecounters tick every 1.000 msec
Apr 26 16:48:30 anubis kernel: hdacc0: <Realtek ALC269 HDA CODEC> at cad 0 on hdac0
Apr 26 16:48:30 anubis kernel: hdaa0: <Realtek ALC269 Audio Function Group> at nid 1 on hdacc0
Apr 26 16:48:30 anubis kernel: pcm0: <Realtek ALC269 (Analog)> at nid 20 and 24 on hdaa0
Apr 26 16:48:30 anubis kernel: pcm1: <Realtek ALC269 (Analog)> at nid 21 and 25 on hdaa0
Apr 26 16:48:30 anubis kernel: ugen4.1: <AMD EHCI root HUB> at usbus4
Apr 26 16:48:30 anubis kernel: ugen2.1: <AMD EHCI root HUB> at usbus2
Apr 26 16:48:30 anubis kernel: uhub0: <AMD EHCI root HUB, class 9/0, rev 2.00/1.00, addr 1> on usbus4
Apr 26 16:48:30 anubis kernel: uhub1: <AMD EHCI root HUB, class 9/0, rev 2.00/1.00, addr 1> on usbus2
Apr 26 16:48:30 anubis kernel: ugen3.1: <AMD OHCI root HUB> at usbus3
Apr 26 16:48:30 anubis kernel: uhub2: <AMD OHCI root HUB, class 9/0, rev 1.00/1.00, addr 1> on usbus3
Apr 26 16:48:30 anubis kernel: ugen0.1: <0x1022 XHCI root HUB> at usbus0
Apr 26 16:48:30 anubis kernel: ugen1.1: <AMD OHCI root HUB> at usbus1
Apr 26 16:48:30 anubis kernel: uhub3: <0x1022 XHCI root HUB, class 9/0, rev 3.00/1.00, addr 1> on usbus0
Apr 26 16:48:30 anubis kernel: uhub4: <AMD OHCI root HUB, class 9/0, rev 1.00/1.00, addr 1> on usbus1
Apr 26 16:48:30 anubis kernel: ada0 at ahcich0 bus 0 scbus0 target 0 lun 0
Apr 26 16:48:30 anubis kernel: ada0: <ADATA SP900 5.0.7b> ATA8-ACS SATA 3.x device
Apr 26 16:48:30 anubis kernel: ada0: Serial Number 7E0320038352
Apr 26 16:48:30 anubis kernel: ada0: 600.000MB/s transfers (SATA 3.x, UDMA6, PIO 8192bytes)
Apr 26 16:48:30 anubis kernel: ada0: Command Queueing enabled
Apr 26 16:48:30 anubis kernel: ada0: 244198MB (500118192 512 byte sectors)
Apr 26 16:48:30 anubis kernel: Trying to mount root from zfs:zroot/ROOT/default []...
Apr 26 16:48:30 anubis kernel: GEOM_ELI: Device ada0p4.eli created.
Apr 26 16:48:30 anubis kernel: GEOM_ELI: Encryption: AES-XTS 256
Apr 26 16:48:30 anubis kernel: GEOM_ELI:     Crypto: hardware
Apr 26 16:48:30 anubis kernel: Root mount waiting for: usbus4 usbus3 usbus2 usbus1 usbus0
Apr 26 16:48:30 anubis kernel: uhub2: 5 ports with 5 removable, self powered
Apr 26 16:48:30 anubis kernel: uhub4: 5 ports with 5 removable, self powered
Apr 26 16:48:30 anubis kernel: uhub3: 4 ports with 4 removable, self powered
Apr 26 16:48:30 anubis kernel: Root mount waiting for: usbus4 usbus2
Apr 26 16:48:30 anubis kernel: uhub1: 5 ports with 5 removable, self powered
Apr 26 16:48:30 anubis kernel: uhub0: 5 ports with 5 removable, self powered
Apr 26 16:48:30 anubis kernel: Root mount waiting for: usbus4
Apr 26 16:48:30 anubis kernel: ugen3.2: <vendor 0x0cf3 product 0x3004> at usbus3
Apr 26 16:48:30 anubis kernel: ugen4.2: <Generic WebCam SC-13HDL12131N> at usbus4
Apr 26 16:48:30 anubis kernel: lo0: link state changed to UP
Apr 26 16:48:30 anubis kernel: re0: link state changed to DOWN
Apr 26 16:48:30 anubis kernel: re0: link state changed to UP
Apr 26 16:48:30 anubis kernel: hdac1: <ATI (0x9902) HDA Controller> mem 0xfeb44000-0xfeb47fff at device 1.1 on pci0
Apr 26 16:48:30 anubis kernel: hdac1: hdac_get_capabilities: Invalid corb size (0)
Apr 26 16:48:30 anubis kernel: device_attach: hdac1 attach returned 6
Apr 26 16:48:30 anubis kernel: intsmb0: <AMD FCH SMBus Controller> at device 20.0 on pci0
Apr 26 16:48:30 anubis kernel: smbus0: <System Management Bus> on intsmb0
Apr 26 16:48:31 anubis ntpd[72677]: ntpd 4.2.8p12-a (1): Starting
Apr 26 16:48:31 anubis kernel: Security policy loaded: MAC/ntpd (mac_ntpd)
Apr 26 16:48:31 anubis ntpd[73230]: leapsecond file ('/var/db/ntpd.leap-seconds.list'): good hash signature
Apr 26 16:48:31 anubis ntpd[73230]: leapsecond file ('/var/db/ntpd.leap-seconds.list'): loaded, expire=2019-12-28T00:00:00Z last=2017-01-01T00:00:00Z ofs=37
Apr 26 16:48:31 anubis ntpd[73230]: leapsecond file ('/var/db/ntpd.leap-seconds.list'): expired less than 121 days ago
Apr 26 16:48:32 anubis kernel: .
Apr 26 16:48:32 anubis ntpd[73230]: error resolving pool 0.freebsd.pool.ntp.org: Name does not resolve (8)
Apr 26 16:48:43 anubis login[13165]: ROOT LOGIN (root) ON ttyv0
Apr 26 16:49:37 anubis ntpd[73230]: error resolving pool 0.freebsd.pool.ntp.org: Name does not resolve (8)
Apr 26 16:50:06 anubis halt[22809]: halted by root
Apr 26 16:50:06 anubis syslogd: exiting on signal 15
Apr 26 17:05:33 anubis syslogd: kernel boot file is /boot/kernel/kernel
Apr 26 17:05:33 anubis kernel: ---<<BOOT>>---
Apr 26 17:05:33 anubis kernel: Copyright (c) 1992-2019 The FreeBSD Project.
Apr 26 17:05:33 anubis kernel: Copyright (c) 1979, 1980, 1983, 1986, 1988, 1989, 1991, 1992, 1993, 1994
Apr 26 17:05:33 anubis kernel: 	The Regents of the University of California. All rights reserved.
Apr 26 17:05:33 anubis kernel: FreeBSD is a registered trademark of The FreeBSD Foundation.
Apr 26 17:05:33 anubis kernel: FreeBSD 12.1-RELEASE r354233 GENERIC amd64
Apr 26 17:05:33 anubis kernel: FreeBSD clang version 8.0.1 (tags/RELEASE_801/final 366581) (based on LLVM 8.0.1)
Apr 26 17:05:33 anubis kernel: VT(efifb): resolution 1024x768
Apr 26 17:05:33 anubis kernel: CPU: AMD A6-4455M APU with Radeon(tm) HD Graphics    (2096.31-MHz K8-class CPU)
Apr 26 17:05:33 anubis kernel:   Origin="AuthenticAMD"  Id=0x610f01  Family=0x15  Model=0x10  Stepping=1
Apr 26 17:05:33 anubis kernel:   Features=0x178bfbff<FPU,VME,DE,PSE,TSC,MSR,PAE,MCE,CX8,APIC,SEP,MTRR,PGE,MCA,CMOV,PAT,PSE36,CLFLUSH,MMX,FXSR,SSE,SSE2,HTT>
Apr 26 17:05:33 anubis kernel:   Features2=0x3e98320b<SSE3,PCLMULQDQ,MON,SSSE3,FMA,CX16,SSE4.1,SSE4.2,POPCNT,AESNI,XSAVE,OSXSAVE,AVX,F16C>
Apr 26 17:05:33 anubis kernel:   AMD Features=0x2e500800<SYSCALL,NX,MMX+,FFXSR,Page1GB,RDTSCP,LM>
Apr 26 17:05:33 anubis kernel:   AMD Features2=0x1ebbfff<LAHF,CMP,SVM,ExtAPIC,CR8,ABM,SSE4A,MAS,Prefetch,OSVW,IBS,XOP,SKINIT,WDT,LWP,FMA4,TCE,NodeId,TBM,Topology,PCXC,PNXC>
Apr 26 17:05:33 anubis kernel:   Structured Extended Features=0x8<BMI1>
Apr 26 17:05:33 anubis kernel:   SVM: NP,NRIP,VClean,AFlush,DAssist,NAsids=65536
Apr 26 17:05:33 anubis kernel:   TSC: P-state invariant, performance statistics
Apr 26 17:05:33 anubis kernel: real memory  = 8589934592 (8192 MB)
Apr 26 17:05:33 anubis kernel: avail memory = 7693733888 (7337 MB)
Apr 26 17:05:33 anubis kernel: Event timer "LAPIC" quality 600
Apr 26 17:05:33 anubis kernel: ACPI APIC Table: <SECCSD LH43STAR>
Apr 26 17:05:33 anubis kernel: FreeBSD/SMP: Multiprocessor System Detected: 2 CPUs
Apr 26 17:05:33 anubis kernel: FreeBSD/SMP: 1 package(s) x 2 core(s)
Apr 26 17:05:33 anubis kernel: random: unblocking device.
Apr 26 17:05:33 anubis kernel: Firmware Warning (ACPI): Optional FADT field Pm2ControlBlock has valid Length but zero Address: 0x0000000000000000/0x1 (20181213/tbfadt-796)
Apr 26 17:05:33 anubis kernel: ioapic0 <Version 2.1> irqs 0-23 on motherboard
Apr 26 17:05:33 anubis kernel: Launching APs: 1
Apr 26 17:05:33 anubis kernel: Timecounter "TSC" frequency 2096308624 Hz quality 1000
Apr 26 17:05:33 anubis kernel: random: entropy device external interface
Apr 26 17:05:33 anubis kernel: kbd1 at kbdmux0
Apr 26 17:05:33 anubis kernel: 000.000023 [4335] netmap_init               netmap: loaded module
Apr 26 17:05:33 anubis kernel: [ath_hal] loaded
Apr 26 17:05:33 anubis kernel: module_register_init: MOD_LOAD (vesa, 0xffffffff8112e050, 0) error 19
Apr 26 17:05:33 anubis kernel: nexus0
Apr 26 17:05:33 anubis kernel: efirtc0: <EFI Realtime Clock> on motherboard
Apr 26 17:05:33 anubis kernel: efirtc0: registered as a time-of-day clock, resolution 1.000000s
Apr 26 17:05:33 anubis kernel: cryptosoft0: <software crypto> on motherboard
Apr 26 17:05:33 anubis kernel: aesni0: <AES-CBC,AES-CCM,AES-GCM,AES-ICM,AES-XTS> on motherboard
Apr 26 17:05:33 anubis kernel: acpi0: <SECCSD LH43STAR> on motherboard
Apr 26 17:05:33 anubis kernel: acpi0: Power Button (fixed)
Apr 26 17:05:33 anubis kernel: cpu0: <ACPI CPU> on acpi0
Apr 26 17:05:33 anubis kernel: attimer0: <AT timer> port 0x40-0x43 irq 0 on acpi0
Apr 26 17:05:33 anubis kernel: Timecounter "i8254" frequency 1193182 Hz quality 0
Apr 26 17:05:33 anubis kernel: Event timer "i8254" frequency 1193182 Hz quality 100
Apr 26 17:05:33 anubis kernel: atrtc0: <AT realtime clock> port 0x70-0x71 irq 8 on acpi0
Apr 26 17:05:33 anubis kernel: atrtc0: registered as a time-of-day clock, resolution 1.000000s
Apr 26 17:05:33 anubis kernel: Event timer "RTC" frequency 32768 Hz quality 0
Apr 26 17:05:33 anubis kernel: hpet0: <High Precision Event Timer> iomem 0xfed00000-0xfed003ff on acpi0
Apr 26 17:05:33 anubis kernel: Timecounter "HPET" frequency 14318180 Hz quality 950
Apr 26 17:05:33 anubis kernel: Timecounter "ACPI-fast" frequency 3579545 Hz quality 900
Apr 26 17:05:33 anubis kernel: acpi_timer0: <32-bit timer at 3.579545MHz> port 0x808-0x80b on acpi0
Apr 26 17:05:33 anubis kernel: acpi_ec0: <Embedded Controller: GPE 0x3> port 0x62,0x66 on acpi0
Apr 26 17:05:33 anubis kernel: pcib0: <ACPI Host-PCI bridge> port 0xcf8-0xcff on acpi0
Apr 26 17:05:33 anubis kernel: pci0: <ACPI PCI bus> on pcib0
Apr 26 17:05:33 anubis kernel: vgapci0: <VGA-compatible display> port 0xf000-0xf0ff mem 0xc0000000-0xcfffffff,0xfeb00000-0xfeb3ffff at device 1.0 on pci0
Apr 26 17:05:33 anubis kernel: vgapci0: Boot video device
Apr 26 17:05:33 anubis kernel: hdac0: <ATI (0x9902) HDA Controller> mem 0xfeb44000-0xfeb47fff at device 1.1 on pci0
Apr 26 17:05:33 anubis kernel: hdac0: hdac_get_capabilities: Invalid corb size (0)
Apr 26 17:05:33 anubis kernel: device_attach: hdac0 attach returned 6
Apr 26 17:05:33 anubis kernel: pcib1: <ACPI PCI-PCI bridge> at device 4.0 on pci0
Apr 26 17:05:33 anubis kernel: pci1: <ACPI PCI bus> on pcib1
Apr 26 17:05:33 anubis kernel: re0: <RealTek 8168/8111 B/C/CP/D/DP/E/F/G PCIe Gigabit Ethernet> port 0xe000-0xe0ff mem 0xd0004000-0xd0004fff,0xd0000000-0xd0003fff at device 0.0 on pci1
Apr 26 17:05:33 anubis kernel: re0: Using 1 MSI-X message
Apr 26 17:05:33 anubis kernel: re0: turning off MSI enable bit.
Apr 26 17:05:33 anubis kernel: re0: ASPM disabled
Apr 26 17:05:33 anubis kernel: re0: Chip rev. 0x2c800000
Apr 26 17:05:33 anubis kernel: re0: MAC rev. 0x00100000
Apr 26 17:05:33 anubis kernel: miibus0: <MII bus> on re0
Apr 26 17:05:33 anubis kernel: rgephy0: <RTL8169S/8110S/8211 1000BASE-T media interface> PHY 1 on miibus0
Apr 26 17:05:33 anubis kernel: rgephy0:  none, 10baseT, 10baseT-FDX, 10baseT-FDX-flow, 100baseTX, 100baseTX-FDX, 100baseTX-FDX-flow, 1000baseT, 1000baseT-master, 1000baseT-FDX, 1000baseT-FDX-master, 1000baseT-FDX-flow, 1000baseT-FDX-flow-master, auto, auto-flow
Apr 26 17:05:33 anubis kernel: re0: Using defaults for TSO: 65518/35/2048
Apr 26 17:05:33 anubis kernel: re0: Ethernet address: 50:b7:c3:78:97:4d
Apr 26 17:05:33 anubis kernel: re0: netmap queues/slots: TX 1/256, RX 1/256
Apr 26 17:05:33 anubis kernel: xhci0: <XHCI (generic) USB 3.0 controller> mem 0xfeb48000-0xfeb49fff at device 16.0 on pci0
Apr 26 17:05:33 anubis kernel: xhci0: 32 bytes context size, 64-bit DMA
Apr 26 17:05:33 anubis kernel: xhci0: Unable to map MSI-X table 
Apr 26 17:05:33 anubis kernel: usbus0 on xhci0
Apr 26 17:05:33 anubis kernel: usbus0: 5.0Gbps Super Speed USB v3.0
Apr 26 17:05:33 anubis kernel: ahci0: <AMD Hudson-2 AHCI SATA controller> port 0xf140-0xf147,0xf130-0xf133,0xf120-0xf127,0xf110-0xf113,0xf100-0xf10f mem 0xfeb4e000-0xfeb4e7ff at device 17.0 on pci0
Apr 26 17:05:33 anubis kernel: ahci0: AHCI v1.30 with 2 6Gbps ports, Port Multiplier supported
Apr 26 17:05:33 anubis kernel: ahcich0: <AHCI channel> at channel 0 on ahci0
Apr 26 17:05:33 anubis kernel: ahcich3: <AHCI channel> at channel 3 on ahci0
Apr 26 17:05:33 anubis kernel: ohci0: <AMD FCH USB Controller> mem 0xfeb4d000-0xfeb4dfff at device 18.0 on pci0
Apr 26 17:05:33 anubis kernel: usbus1 on ohci0
Apr 26 17:05:33 anubis kernel: usbus1: 12Mbps Full Speed USB v1.0
Apr 26 17:05:33 anubis kernel: ehci0: <AMD FCH USB 2.0 controller> mem 0xfeb4c000-0xfeb4c0ff at device 18.2 on pci0
Apr 26 17:05:33 anubis kernel: usbus2: EHCI version 1.0
Apr 26 17:05:33 anubis kernel: usbus2 on ehci0
Apr 26 17:05:33 anubis kernel: usbus2: 480Mbps High Speed USB v2.0
Apr 26 17:05:33 anubis kernel: ohci1: <AMD FCH USB Controller> mem 0xfeb4b000-0xfeb4bfff at device 19.0 on pci0
Apr 26 17:05:33 anubis kernel: usbus3 on ohci1
Apr 26 17:05:33 anubis kernel: usbus3: 12Mbps Full Speed USB v1.0
Apr 26 17:05:33 anubis kernel: ehci1: <AMD FCH USB 2.0 controller> mem 0xfeb4a000-0xfeb4a0ff at device 19.2 on pci0
Apr 26 17:05:33 anubis kernel: usbus4: EHCI version 1.0
Apr 26 17:05:33 anubis kernel: usbus4 on ehci1
Apr 26 17:05:33 anubis kernel: usbus4: 480Mbps High Speed USB v2.0
Apr 26 17:05:33 anubis kernel: hdac0: <AMD Hudson-2 HDA Controller> mem 0xfeb40000-0xfeb43fff at device 20.2 on pci0
Apr 26 17:05:33 anubis kernel: isab0: <PCI-ISA bridge> at device 20.3 on pci0
Apr 26 17:05:33 anubis kernel: isa0: <ISA bus> on isab0
Apr 26 17:05:33 anubis kernel: pcib2: <ACPI PCI-PCI bridge> at device 20.4 on pci0
Apr 26 17:05:33 anubis kernel: pci2: <ACPI PCI bus> on pcib2
Apr 26 17:05:33 anubis kernel: pcib3: <ACPI PCI-PCI bridge> at device 21.0 on pci0
Apr 26 17:05:33 anubis kernel: pci3: <ACPI PCI bus> on pcib3
Apr 26 17:05:33 anubis kernel: ath0: <Atheros AR946x/AR948x> mem 0xfea00000-0xfea7ffff at device 0.0 on pci3
Apr 26 17:05:33 anubis kernel: ar9300_flash_map: unimplemented for now
Apr 26 17:05:33 anubis kernel: Restoring Cal data from DRAM
Apr 26 17:05:33 anubis kernel: Restoring Cal data from EEPROM
Apr 26 17:05:33 anubis kernel: Restoring Cal data from Flash
Apr 26 17:05:33 anubis syslogd: last message repeated 1 times
Apr 26 17:05:33 anubis kernel: Restoring Cal data from OTP
Apr 26 17:05:33 anubis kernel: ar9300_hw_attach: ar9300_eeprom_attach returned 0
Apr 26 17:05:33 anubis kernel: ath0: [HT] enabling HT modes
Apr 26 17:05:33 anubis kernel: ath0: [HT] enabling short-GI in 20MHz mode
Apr 26 17:05:33 anubis kernel: ath0: [HT] 1 stream STBC receive enabled
Apr 26 17:05:33 anubis kernel: ath0: [HT] 1 stream STBC transmit enabled
Apr 26 17:05:33 anubis kernel: ath0: [HT] LDPC transmit/receive enabled
Apr 26 17:05:33 anubis kernel: ath0: [HT] 2 RX streams; 2 TX streams
Apr 26 17:05:33 anubis kernel: ath0: AR9460 mac 640.2 RF5110 phy 3877.8
Apr 26 17:05:33 anubis kernel: ath0: 2GHz radio: 0x0000; 5GHz radio: 0x0000
Apr 26 17:05:33 anubis kernel: acpi_acad0: <AC Adapter> on acpi0
Apr 26 17:05:33 anubis kernel: battery0: <ACPI Control Method Battery> on acpi0
Apr 26 17:05:33 anubis kernel: acpi_lid0: <Control Method Lid Switch> on acpi0
Apr 26 17:05:33 anubis kernel: acpi_button0: <Power Button> on acpi0
Apr 26 17:05:33 anubis kernel: acpi_tz0: <Thermal Zone> on acpi0
Apr 26 17:05:33 anubis kernel: atkbdc0: <Keyboard controller (i8042)> port 0x60,0x64 irq 1 on acpi0
Apr 26 17:05:33 anubis kernel: atkbd0: <AT Keyboard> irq 1 on atkbdc0
Apr 26 17:05:33 anubis kernel: kbd0 at atkbd0
Apr 26 17:05:33 anubis kernel: atkbd0: [GIANT-LOCKED]
Apr 26 17:05:33 anubis kernel: psm0: <PS/2 Mouse> irq 12 on atkbdc0
Apr 26 17:05:33 anubis kernel: psm0: [GIANT-LOCKED]
Apr 26 17:05:33 anubis kernel: psm0: model Generic PS/2 mouse, device ID 0
Apr 26 17:05:33 anubis kernel: hwpstate0: <Cool`n'Quiet 2.0> on cpu0
Apr 26 17:05:33 anubis kernel: ZFS filesystem version: 5
Apr 26 17:05:33 anubis kernel: ZFS storage pool version: features support (5000)
Apr 26 17:05:33 anubis kernel: Timecounters tick every 1.000 msec
Apr 26 17:05:33 anubis kernel: hdacc0: <Realtek ALC269 HDA CODEC> at cad 0 on hdac0
Apr 26 17:05:33 anubis kernel: hdaa0: <Realtek ALC269 Audio Function Group> at nid 1 on hdacc0
Apr 26 17:05:33 anubis kernel: pcm0: <Realtek ALC269 (Analog)> at nid 20 and 24 on hdaa0
Apr 26 17:05:33 anubis kernel: pcm1: <Realtek ALC269 (Analog)> at nid 21 and 25 on hdaa0
Apr 26 17:05:33 anubis kernel: ugen2.1: <AMD EHCI root HUB> at usbus2
Apr 26 17:05:33 anubis kernel: ugen4.1: <AMD EHCI root HUB> at usbus4
Apr 26 17:05:33 anubis kernel: uhub0: <AMD EHCI root HUB, class 9/0, rev 2.00/1.00, addr 1> on usbus2
Apr 26 17:05:33 anubis kernel: uhub1: <AMD EHCI root HUB, class 9/0, rev 2.00/1.00, addr 1> on usbus4
Apr 26 17:05:33 anubis kernel: ugen0.1: <0x1022 XHCI root HUB> at usbus0
Apr 26 17:05:33 anubis kernel: uhub2: <0x1022 XHCI root HUB, class 9/0, rev 3.00/1.00, addr 1> on usbus0
Apr 26 17:05:33 anubis kernel: ugen3.1: <AMD OHCI root HUB> at usbus3
Apr 26 17:05:33 anubis kernel: ugen1.1: <AMD OHCI root HUB> at usbus1
Apr 26 17:05:33 anubis kernel: uhub3: <AMD OHCI root HUB, class 9/0, rev 1.00/1.00, addr 1> on usbus3
Apr 26 17:05:33 anubis kernel: uhub4: <AMD OHCI root HUB, class 9/0, rev 1.00/1.00, addr 1> on usbus1
Apr 26 17:05:33 anubis kernel: ada0 at ahcich0 bus 0 scbus0 target 0 lun 0
Apr 26 17:05:33 anubis kernel: ada0: <ADATA SP900 5.0.7b> ATA8-ACS SATA 3.x device
Apr 26 17:05:33 anubis kernel: ada0: Serial Number 7E0320038352
Apr 26 17:05:33 anubis kernel: ada0: 600.000MB/s transfers (SATA 3.x, UDMA6, PIO 8192bytes)
Apr 26 17:05:33 anubis kernel: ada0: Command Queueing enabled
Apr 26 17:05:33 anubis kernel: ada0: 244198MB (500118192 512 byte sectors)
Apr 26 17:05:33 anubis kernel: Trying to mount root from zfs:zroot/ROOT/default []...
Apr 26 17:05:33 anubis kernel: GEOM_ELI: Device ada0p4.eli created.
Apr 26 17:05:33 anubis kernel: GEOM_ELI: Encryption: AES-XTS 256
Apr 26 17:05:33 anubis kernel: GEOM_ELI:     Crypto: hardware
Apr 26 17:05:33 anubis kernel: Root mount waiting for: usbus4 usbus3 usbus2 usbus1 usbus0
Apr 26 17:05:33 anubis kernel: uhub4: 5 ports with 5 removable, self powered
Apr 26 17:05:33 anubis kernel: uhub3: 5 ports with 5 removable, self powered
Apr 26 17:05:33 anubis kernel: uhub2: 4 ports with 4 removable, self powered
Apr 26 17:05:33 anubis kernel: Root mount waiting for: usbus4 usbus2
Apr 26 17:05:33 anubis kernel: uhub0: 5 ports with 5 removable, self powered
Apr 26 17:05:33 anubis kernel: uhub1: 5 ports with 5 removable, self powered
Apr 26 17:05:33 anubis kernel: Root mount waiting for: usbus4
Apr 26 17:05:33 anubis kernel: ugen3.2: <vendor 0x0cf3 product 0x3004> at usbus3
Apr 26 17:05:33 anubis kernel: ugen4.2: <Generic WebCam SC-13HDL12131N> at usbus4
Apr 26 17:05:33 anubis kernel: lo0: link state changed to UP
Apr 26 17:05:33 anubis kernel: re0: link state changed to DOWN
Apr 26 17:05:33 anubis kernel: re0: link state changed to UP
Apr 26 17:05:33 anubis kernel: hdac1: <ATI (0x9902) HDA Controller> mem 0xfeb44000-0xfeb47fff at device 1.1 on pci0
Apr 26 17:05:33 anubis kernel: hdac1: hdac_get_capabilities: Invalid corb size (0)
Apr 26 17:05:33 anubis kernel: device_attach: hdac1 attach returned 6
Apr 26 17:05:33 anubis kernel: intsmb0: <AMD FCH SMBus Controller> at device 20.0 on pci0
Apr 26 17:05:33 anubis kernel: smbus0: <System Management Bus> on intsmb0
Apr 26 17:05:33 anubis ntpd[540]: ntpd 4.2.8p12-a (1): Starting
Apr 26 17:05:33 anubis kernel: Security policy loaded: MAC/ntpd (mac_ntpd)
Apr 26 17:05:33 anubis ntpd[591]: leapsecond file ('/var/db/ntpd.leap-seconds.list'): good hash signature
Apr 26 17:05:33 anubis ntpd[591]: leapsecond file ('/var/db/ntpd.leap-seconds.list'): loaded, expire=2019-12-28T00:00:00Z last=2017-01-01T00:00:00Z ofs=37
Apr 26 17:05:33 anubis ntpd[591]: leapsecond file ('/var/db/ntpd.leap-seconds.list'): expired less than 121 days ago
Apr 26 17:05:35 anubis ntpd[591]: error resolving pool 0.freebsd.pool.ntp.org: Name does not resolve (8)
Apr 26 17:05:45 anubis login[13477]: ROOT LOGIN (root) ON ttyv0
Apr 26 17:06:25 anubis kernel: re0: link state changed to DOWN
Apr 26 17:06:27 anubis kernel: re0: link state changed to UP
Apr 26 17:06:27 anubis dhclient[18234]: New IP Address (re0): 192.168.178.31
Apr 26 17:06:27 anubis dhclient[18417]: New Subnet Mask (re0): 255.255.255.0
Apr 26 17:06:27 anubis dhclient[18665]: New Broadcast Address (re0): 192.168.178.255
Apr 26 17:06:27 anubis dhclient[18845]: New Routers (re0): 192.168.178.1
Apr 26 17:06:42 anubis ntpd[591]: error resolving pool 0.freebsd.pool.ntp.org: Name does not resolve (8)
Apr 26 17:08:38 anubis kernel: ugen0.2: <Logitech USB Receiver> at usbus0
Apr 26 17:08:38 anubis kernel: ukbd0 on uhub2
Apr 26 17:08:38 anubis kernel: ukbd0: <Logitech USB Receiver, class 0/0, rev 2.00/12.03, addr 1> on usbus0
Apr 26 17:08:38 anubis kernel: kbd2 at ukbd0
Apr 26 17:08:39 anubis kernel: ums0 on uhub2
Apr 26 17:08:39 anubis kernel: ums0: <Logitech USB Receiver, class 0/0, rev 2.00/12.03, addr 1> on usbus0
Apr 26 17:08:39 anubis kernel: ums0: 16 buttons and [XYZT] coordinates ID=2
Apr 26 17:08:39 anubis kernel: uhid0 on uhub2
Apr 26 17:08:39 anubis kernel: uhid0: <Logitech USB Receiver, class 0/0, rev 2.00/12.03, addr 1> on usbus0
Apr 26 17:08:57 anubis login[13659]: ROOT LOGIN (root) ON ttyv1
Apr 26 17:09:42 anubis pkg[40606]: indexinfo-0.3.1 installed
Apr 26 17:09:43 anubis pkg[40606]: gettext-runtime-0.20.1 installed
Apr 26 17:09:43 anubis pkg[40606]: bash-5.0.16 installed
Apr 26 17:09:44 anubis pkg[40606]: bash-completion-2.10,2 installed
Apr 26 17:10:04 anubis login[13958]: ROOT LOGIN (root) ON ttyv2
Apr 26 17:10:49 anubis login[50613]: ROOT LOGIN (root) ON ttyv2
Apr 26 17:11:59 anubis login[73866]: ROOT LOGIN (root) ON ttyv2
Apr 26 17:44:55 anubis pkg[78052]: xorgproto-2019.2 installed
Apr 26 17:44:55 anubis pkg[78052]: libXdmcp-1.1.3 installed
Apr 26 17:44:55 anubis pkg[78052]: libXau-1.0.9 installed
Apr 26 17:44:56 anubis pkg[78052]: libxml2-2.9.10 installed
Apr 26 17:44:56 anubis pkg[78052]: libpthread-stubs-0.4 installed
Apr 26 17:44:57 anubis pkg[78052]: libxcb-1.13.1 installed
Apr 26 17:44:57 anubis pkg[78052]: libX11-1.6.9,1 installed
Apr 26 17:44:58 anubis pkg[78052]: pciids-20200324 installed
Apr 26 17:49:27 anubis pkg[94086]: expat-2.2.8 installed
Apr 26 17:49:27 anubis pkg[94086]: readline-8.0.4 installed
Apr 26 17:49:27 anubis pkg[94086]: libffi-3.2.1_3 installed
Apr 26 17:49:27 anubis pkg[94086]: libXext-1.3.4,1 installed
Apr 26 17:49:27 anubis pkg[94086]: libXfixes-5.0.3_2 installed
Apr 26 17:49:27 anubis pkg[94086]: libfontenc-1.1.4 installed
Apr 26 17:49:28 anubis pkg[94086]: freetype2-2.10.1 installed
Apr 26 17:49:28 anubis pkg[94086]: libepoll-shim-0.0.20200223 installed
Apr 26 17:49:28 anubis pkg[94086]: libpciaccess-0.16 installed
Apr 26 17:49:34 anubis pkg[94086]: python37-3.7.7 installed
Apr 26 17:49:35 anubis pkg[94086]: pcre-8.43_2 installed
Apr 26 17:49:35 anubis pkg[94086]: libgpg-error-1.37 installed
Apr 26 17:49:35 anubis pkg[94086]: gmp-6.2.0 installed
Apr 26 17:49:35 anubis pkg[94086]: libICE-1.0.10,1 installed
Apr 26 17:49:35 anubis pkg[94086]: mkfontscale-1.2.1 installed
Apr 26 17:49:35 anubis pkg[94086]: fontconfig-2.13.92_1,1 installed
Apr 26 17:49:36 anubis pkg[94086]: libiconv-1.14_11 installed
Apr 26 17:49:36 anubis pkg[94086]: libxshmfence-1.3 installed
Apr 26 17:49:36 anubis pkg[94086]: libXxf86vm-1.1.4_3 installed
Apr 26 17:49:36 anubis pkg[94086]: libXdamage-1.1.5 installed
Apr 26 17:49:36 anubis pkg[94086]: wayland-1.18.0_3 installed
Apr 26 17:49:36 anubis pkg[94086]: libdrm-2.4.99,1 installed
Apr 26 17:49:36 anubis pkg[94086]: libunwind-20170615 installed
Apr 26 17:49:36 anubis pkg[94086]: ca_root_nss-3.51.1 installed
Apr 26 17:49:36 anubis pkg[94086]: libassuan-2.5.3 installed
Apr 26 17:49:36 anubis pkg[94086]: tpm-emulator-0.7.4_2 installed
Apr 26 17:49:36 anubis pkg[94086]: libtasn1-4.15.0 installed
Apr 26 17:49:36 anubis pkg[94086]: libunistring-0.9.10_1 installed
Apr 26 17:49:36 anubis pkg[94086]: libXrender-0.9.10_2 installed
Apr 26 17:49:37 anubis pkg[94086]: libSM-1.2.3,1 installed
Apr 26 17:49:39 anubis pkg[94086]: font-misc-meltho-1.0.3_4 installed
Apr 26 17:49:43 anubis pkg[94086]: font-misc-ethiopic-1.0.3_4 installed
Apr 26 17:49:45 anubis pkg[94086]: font-bh-ttf-1.0.3_4 installed
Apr 26 17:49:45 anubis pkg[94086]: encodings-1.0.5,1 installed
Apr 26 17:49:48 anubis pkg[94086]: dejavu-2.37_1 installed
Apr 26 17:49:48 anubis pkg[94086]: graphite2-1.3.14 installed
Apr 26 17:49:49 anubis pkg[94086]: glib-2.56.3_7,1 installed
Apr 26 17:49:49 anubis pkg[94086]: pixman-0.38.4 installed
Apr 26 17:49:49 anubis pkg[94086]: png-1.6.37 installed
Apr 26 17:49:49 anubis pkg[94086]: mesa-libs-18.3.2_4 installed
Apr 26 17:49:49 anubis pkg[94086]: jpeg-turbo-2.0.4 installed
Apr 26 17:49:49 anubis pkg[94086]: jbigkit-2.1_1 installed
Apr 26 17:49:57 anubis pkg[94086]: perl5-5.30.2 installed
Apr 26 17:49:57 anubis pkg[94086]: gdbm-1.18.1_1 installed
Apr 26 17:50:00 anubis pkg[94086]: db5-5.3.28_7 installed
Apr 26 17:50:00 anubis pkg[94086]: pinentry-tty-1.1.0 installed
Apr 26 17:50:00 anubis pkg[94086]: trousers-0.3.14_2 installed
Apr 26 17:50:00 anubis pkg[94086]: p11-kit-0.23.18.1 installed
Apr 26 17:50:01 anubis pkg[94086]: nettle-3.5.1_1 installed
Apr 26 17:50:01 anubis pkg[94086]: libidn2-2.3.0_1 installed
Apr 26 17:50:01 anubis pkg[94086]: libXt-1.2.0,1 installed
Apr 26 17:50:01 anubis pkg[94086]: xorg-fonts-truetype-7.7_1 installed
Apr 26 17:50:01 anubis pkg[94086]: libXft-2.3.3 installed
Apr 26 17:50:01 anubis pkg[94086]: harfbuzz-2.6.4 installed
Apr 26 17:50:02 anubis pkg[94086]: cairo-1.16.0,2 installed
Apr 26 17:50:02 anubis pkg[94086]: xkeyboard-config-2.29 installed
Apr 26 17:50:02 anubis pkg[94086]: libXv-1.0.11_2,1 installed
Apr 26 17:50:02 anubis pkg[94086]: libedit-3.1.20191211,1 installed
Apr 26 17:50:02 anubis pkg[94086]: libudev-devd-0.4.1 installed
Apr 26 17:50:02 anubis pkg[94086]: fribidi-0.19.7 installed
Apr 26 17:50:02 anubis pkg[94086]: libXi-1.7.10,1 installed
Apr 26 17:50:05 anubis pkg[94086]: shared-mime-info-1.10_2 installed
Apr 26 17:50:05 anubis pkg[94086]: tiff-4.1.0 installed
Apr 26 17:50:05 anubis pkg[94086]: dbus-1.12.16 installed
Apr 26 17:50:05 anubis pkg[94086]: nspr-4.25 installed
Apr 26 17:50:07 anubis pkg[94086]: icu-66.1,1 installed
Apr 26 17:50:08 anubis pkg[94086]: py37-setuptools-44.0.0 installed
Apr 26 17:50:08 anubis pkg[94086]: apr-1.7.0.1.6.1_1 installed
Apr 26 17:50:08 anubis pkg[94086]: pinentry-1.1.0_6 installed
Apr 26 17:50:08 anubis pkg[94086]: libksba-1.3.5_1 installed
Apr 26 17:50:08 anubis pkg[94086]: libgcrypt-1.8.5 installed
Apr 26 17:50:09 anubis pkg[94086]: gnutls-3.6.13 installed
Apr 26 17:50:09 anubis pkg[94086]: npth-1.6 installed
Apr 26 17:50:10 anubis pkg[94086]: sqlite3-3.30.1_1,1 installed
Apr 26 17:50:10 anubis pkg[94086]: libXrandr-1.5.2 installed
Apr 26 17:50:10 anubis pkg[94086]: libXpm-3.5.13 installed
Apr 26 17:50:10 anubis pkg[94086]: libXinerama-1.1.4_2,1 installed
Apr 26 17:50:10 anubis pkg[94086]: pango-1.42.4_3 installed
Apr 26 17:50:10 anubis pkg[94086]: libxkbfile-1.1.0 installed
Apr 26 17:50:10 anubis pkg[94086]: libXvMC-1.0.12 installed
Apr 26 17:50:42 anubis pkg[94086]: llvm80-8.0.1_3 installed
Apr 26 17:50:42 anubis pkg[94086]: libXmu-1.1.3,1 installed
Apr 26 17:50:42 anubis pkg[94086]: libxkbcommon-0.10.0_2 installed
Apr 26 17:50:42 anubis pkg[94086]: libXcursor-1.2.0 installed
Apr 26 17:50:42 anubis pkg[94086]: libXcomposite-0.4.5,1 installed
Apr 26 17:50:43 anubis pkg[94086]: hicolor-icon-theme-0.17 installed
Apr 26 17:50:44 anubis pkg[94086]: gdk-pixbuf2-2.40.0 installed
Apr 26 17:50:44 anubis pkg[94086]: atk-2.28.1 installed
Apr 26 17:50:44 anubis pkg[94086]: gnome_subr-1.0 installed
Apr 26 17:50:44 anubis pkg[94086]: libdaemon-0.14_1 installed
Apr 26 17:50:44 anubis pkg[94086]: gobject-introspection-1.56.1,1 installed
Apr 26 17:50:45 anubis pkg[94086]: dbus-glib-0.110 installed
Apr 26 17:50:46 anubis pkg[94086]: spidermonkey60-60.9.0_2 installed
Apr 26 17:50:46 anubis pkg[94086]: libXScrnSaver-1.2.3_2 installed
Apr 26 17:50:46 anubis pkg[94086]: libXtst-1.2.3_2 installed
Apr 26 17:50:46 anubis pkg[94086]: giflib-5.2.1 installed
Apr 26 17:50:46 anubis pkg[94086]: libgudev-230_1 installed
Apr 26 17:50:46 anubis pkg[94086]: py37-six-1.14.0 installed
Apr 26 17:50:46 anubis pkg[94086]: p5-HTML-Tagset-3.20_1 installed
Apr 26 17:50:46 anubis pkg[94086]: p5-Socket6-0.29 installed
Apr 26 17:50:46 anubis pkg[94086]: utf8proc-2.4.0 installed
Apr 26 17:50:46 anubis pkg[94086]: serf-1.3.9_4 installed
Apr 26 17:50:47 anubis pkg[94086]: gnupg-2.2.20 installed
Apr 26 17:50:47 anubis pkg[94086]: liblz4-1.9.2_1,1 installed
Apr 26 17:50:47 anubis pkg[94086]: xkbcomp-1.4.3 installed
Apr 26 17:50:47 anubis pkg[94086]: libXfont2-2.0.4 installed
Apr 26 17:50:48 anubis pkg[94086]: mesa-dri-18.3.2_10 installed
Apr 26 17:50:48 anubis pkg[94086]: libepoxy-1.5.4 installed
Apr 26 17:50:49 anubis pkg[94086]: gtk-update-icon-cache-2.24.32 installed
Apr 26 17:50:49 anubis pkg[94086]: libpaper-1.1.24.4 installed
Apr 26 17:50:49 anubis pkg[94086]: avahi-app-0.7_3 installed
Apr 26 17:50:49 anubis pkg[94086]: libcroco-0.6.13 installed
Apr 26 17:50:49 anubis pkg[94086]: libgsf-1.14.46 installed
Apr 26 17:50:49 anubis pkg[94086]: polkit-0.116 installed
Apr 26 17:50:50 anubis pkg[94086]: lcms2-2.9 installed
Apr 26 17:50:53 anubis pkg[94086]: argyllcms-1.9.2_5 installed
Apr 26 17:50:53 anubis pkg[94086]: at-spi2-core-2.28.0 installed
Apr 26 17:50:53 anubis pkg[94086]: libXaw-1.0.13_3,2 installed
Apr 26 17:50:53 anubis pkg[94086]: boehm-gc-8.0.4_1 installed
Apr 26 17:50:54 anubis pkg[94086]: webp-1.1.0 installed
Apr 26 17:50:54 anubis pkg[94086]: xcb-util-0.4.0_2,1 installed
Apr 26 17:50:54 anubis pkg[94086]: libwacom-1.3 installed
Apr 26 17:50:54 anubis pkg[94086]: py37-pyudev-0.21.0 installed
Apr 26 17:50:54 anubis pkg[94086]: py37-evdev-0.8.1_1 installed
Apr 26 17:50:54 anubis pkg[94086]: libmtdev-1.1.5_2 installed
Apr 26 17:50:54 anubis pkg[94086]: libevdev-1.5.9_1 installed
Apr 26 17:50:54 anubis pkg[94086]: p5-HTML-Parser-3.72 installed
Apr 26 17:50:54 anubis pkg[94086]: p5-Mozilla-CA-20180117 installed
Apr 26 17:50:54 anubis pkg[94086]: p5-Net-SSLeay-1.88 installed
Apr 26 17:50:54 anubis pkg[94086]: p5-IO-Socket-INET6-2.72_1 installed
Apr 26 17:50:54 anubis pkg[94086]: p5-GSSAPI-0.28_1 installed
Apr 26 17:50:54 anubis pkg[94086]: p5-Digest-HMAC-1.03_1 installed
Apr 26 17:50:54 anubis pkg[94086]: libnghttp2-1.40.0 installed
Apr 26 17:50:55 anubis pkg[94086]: subversion-1.13.0_1 installed
Apr 26 17:50:55 anubis pkg[94086]: xorg-server-1.20.8,1 installed
Apr 26 17:50:58 anubis pkg[94086]: adwaita-icon-theme-3.28.0 installed
Apr 26 17:50:59 anubis pkg[94086]: cups-2.2.13 installed
Apr 26 17:50:59 anubis pkg[94086]: wayland-protocols-1.20 installed
Apr 26 17:50:59 anubis pkg[94086]: librsvg2-2.40.21 installed
Apr 26 17:51:00 anubis pkg[94086]: colord-1.3.5 installed
Apr 26 17:51:00 anubis pkg[94086]: at-spi2-atk-2.26.2 installed
Apr 26 17:51:00 anubis pkg[94086]: libotf-0.9.16 installed
Apr 26 17:51:00 anubis pkg[94086]: libltdl-2.4.6 installed
Apr 26 17:51:00 anubis pkg[94086]: boehm-gc-threaded-8.0.4_1 installed
Apr 26 17:51:00 anubis pkg[94086]: libgd-2.2.5_2,1 installed
Apr 26 17:51:00 anubis pkg[94086]: m17n-db-1.8.0 installed
Apr 26 17:51:01 anubis pkg[94086]: libdmx-1.1.4_2 installed
Apr 26 17:51:01 anubis pkg[94086]: libXxf86dga-1.1.5 installed
Apr 26 17:51:01 anubis pkg[94086]: xbitmaps-1.1.2 installed
Apr 26 17:51:01 anubis pkg[94086]: xcb-util-wm-0.4.1_3 installed
Apr 26 17:51:05 anubis pkg[94086]: font-misc-misc-1.1.2_4 installed
Apr 26 17:51:05 anubis pkg[94086]: font-alias-1.0.3_3 installed
Apr 26 17:51:10 anubis pkg[94086]: font-adobe-100dpi-1.0.3_4 installed
Apr 26 17:51:12 anubis pkg[94086]: font-xfree86-type1-1.0.4_4 installed
Apr 26 17:51:15 anubis pkg[94086]: font-ibm-type1-1.0.3_4 installed
Apr 26 17:51:17 anubis pkg[94086]: font-bitstream-type1-1.0.3_4 installed
Apr 26 17:51:20 anubis pkg[94086]: font-bh-type1-1.0.3_4 installed
Apr 26 17:51:22 anubis pkg[94086]: font-adobe-utopia-type1-1.0.4_4 installed
Apr 26 17:51:25 anubis pkg[94086]: font-sun-misc-1.0.3_4 installed
Apr 26 17:51:28 anubis pkg[94086]: font-sony-misc-1.0.3_4 installed
Apr 26 17:51:32 anubis pkg[94086]: font-schumacher-misc-1.1.2_4 installed
Apr 26 17:51:35 anubis pkg[94086]: font-mutt-misc-1.0.3_4 installed
Apr 26 17:51:38 anubis pkg[94086]: font-micro-misc-1.0.3_4 installed
Apr 26 17:51:42 anubis pkg[94086]: font-jis-misc-1.0.3_4 installed
Apr 26 17:51:45 anubis pkg[94086]: font-isas-misc-1.0.3_4 installed
Apr 26 17:51:49 anubis pkg[94086]: font-dec-misc-1.0.3_4 installed
Apr 26 17:51:52 anubis pkg[94086]: font-daewoo-misc-1.0.3_4 installed
Apr 26 17:51:56 anubis pkg[94086]: font-cursor-misc-1.0.3_4 installed
Apr 26 17:51:59 anubis pkg[94086]: font-arabic-misc-1.0.3_4 installed
Apr 26 17:52:01 anubis pkg[94086]: font-winitzki-cyrillic-1.0.3_4 installed
Apr 26 17:52:04 anubis pkg[94086]: font-screen-cyrillic-1.0.4_4 installed
Apr 26 17:52:06 anubis pkg[94086]: font-misc-cyrillic-1.0.3_4 installed
Apr 26 17:52:08 anubis pkg[94086]: font-cronyx-cyrillic-1.0.3_4 installed
Apr 26 17:52:10 anubis pkg[94086]: font-bitstream-75dpi-1.0.3_4 installed
Apr 26 17:52:12 anubis pkg[94086]: font-bh-lucidatypewriter-75dpi-1.0.3_4 installed
Apr 26 17:52:16 anubis pkg[94086]: font-bh-75dpi-1.0.3_4 installed
Apr 26 17:52:20 anubis pkg[94086]: font-adobe-utopia-75dpi-1.0.4_4 installed
Apr 26 17:52:26 anubis pkg[94086]: font-adobe-75dpi-1.0.3_4 installed
Apr 26 17:52:29 anubis pkg[94086]: font-bitstream-100dpi-1.0.3_4 installed
Apr 26 17:52:33 anubis pkg[94086]: font-bh-lucidatypewriter-100dpi-1.0.3_4 installed
Apr 26 17:52:39 anubis pkg[94086]: font-bh-100dpi-1.0.3_4 installed
Apr 26 17:52:44 anubis pkg[94086]: font-adobe-utopia-100dpi-1.0.4_4 installed
Apr 26 17:52:44 anubis pkg[94086]: libinput-1.15.4 installed
Apr 26 17:52:44 anubis pkg[94086]: mpfr-4.0.2 installed
Apr 26 17:52:44 anubis pkg[94086]: p5-CGI-4.46 installed
Apr 26 17:52:44 anubis pkg[94086]: p5-IO-Socket-SSL-2.067 installed
Apr 26 17:52:44 anubis pkg[94086]: p5-Authen-SASL-2.16_1 installed
Apr 26 17:52:44 anubis pkg[94086]: p5-Error-0.17029 installed
Apr 26 17:52:45 anubis pkg[94086]: curl-7.69.1 installed
Apr 26 17:52:45 anubis pkg[94086]: p5-subversion-1.13.0 installed
Apr 26 17:52:45 anubis pkg[94086]: p5-Term-ReadKey-2.38_1 installed
Apr 26 17:52:45 anubis pkg[94086]: cvsps-2.1_2 installed
Apr 26 17:52:48 anubis pkg[94086]: gtk3-3.24.10_1 installed
Apr 26 17:52:48 anubis pkg[94086]: desktop-file-utils-0.24 installed
Apr 26 17:52:49 anubis pkg[94086]: mailutils-3.9 installed
Apr 26 17:52:49 anubis pkg[94086]: m17n-lib-1.8.0_1 installed
Apr 26 17:52:49 anubis pkg[94086]: jansson-2.12 installed
Apr 26 17:52:49 anubis pkg[94086]: xtrans-1.4.0 installed
Apr 26 17:52:49 anubis pkg[94086]: libXres-1.2.0_2 installed
Apr 26 17:52:49 anubis pkg[94086]: libXfont-1.5.4_2,2 installed
Apr 26 17:52:49 anubis pkg[94086]: libFS-1.0.8 installed
Apr 26 17:52:49 anubis pkg[94086]: xwud-1.0.5 installed
Apr 26 17:52:49 anubis pkg[94086]: xwininfo-1.1.5 installed
Apr 26 17:52:49 anubis pkg[94086]: xwd-1.0.7 installed
Apr 26 17:52:49 anubis pkg[94086]: xvinfo-1.1.4 installed
Apr 26 17:52:49 anubis pkg[94086]: xterm-353_1 installed
Apr 26 17:52:50 anubis pkg[94086]: xsetroot-1.1.2 installed
Apr 26 17:52:50 anubis pkg[94086]: xset-1.2.4_3 installed
Apr 26 17:52:50 anubis pkg[94086]: xrefresh-1.0.6 installed
Apr 26 17:52:50 anubis pkg[94086]: xrdb-1.2.0 installed
Apr 26 17:52:50 anubis pkg[94086]: xrandr-1.5.1 installed
Apr 26 17:52:50 anubis pkg[94086]: xprop-1.2.4 installed
Apr 26 17:52:50 anubis pkg[94086]: xpr-1.0.5 installed
Apr 26 17:52:50 anubis pkg[94086]: xmodmap-1.0.10 installed
Apr 26 17:52:50 anubis pkg[94086]: xmessage-1.0.5 installed
Apr 26 17:52:50 anubis pkg[94086]: xlsclients-1.1.4 installed
Apr 26 17:52:50 anubis pkg[94086]: xlsatoms-1.1.3 installed
Apr 26 17:52:50 anubis pkg[94086]: xkill-1.0.5 installed
Apr 26 17:52:50 anubis pkg[94086]: xkbutils-1.0.4_2 installed
Apr 26 17:52:50 anubis pkg[94086]: xkbevd-1.1.4 installed
Apr 26 17:52:50 anubis pkg[94086]: xinput-1.6.3 installed
Apr 26 17:52:50 anubis pkg[94086]: xinit-1.4.1,1 installed
Apr 26 17:52:50 anubis pkg[94086]: xhost-1.0.8 installed
Apr 26 17:52:50 anubis pkg[94086]: xgc-1.0.5 installed
Apr 26 17:52:50 anubis pkg[94086]: xgamma-1.0.6 installed
Apr 26 17:52:50 anubis pkg[94086]: xf86dga-1.0.3_1 installed
Apr 26 17:52:50 anubis pkg[94086]: xev-1.2.3 installed
Apr 26 17:52:50 anubis pkg[94086]: xdriinfo-1.0.6_3 installed
Apr 26 17:52:50 anubis pkg[94086]: xdpyinfo-1.3.2_3 installed
Apr 26 17:52:50 anubis pkg[94086]: xcursorgen-1.0.7 installed
Apr 26 17:52:50 anubis pkg[94086]: xconsole-1.0.7_1 installed
Apr 26 17:52:50 anubis pkg[94086]: xcmsdb-1.0.5 installed
Apr 26 17:52:50 anubis pkg[94086]: xcalc-1.1.0 installed
Apr 26 17:52:50 anubis pkg[94086]: xbacklight-1.2.3 installed
Apr 26 17:52:50 anubis pkg[94086]: xauth-1.1 installed
Apr 26 17:52:50 anubis pkg[94086]: x11perf-1.6.1 installed
Apr 26 17:52:50 anubis pkg[94086]: smproxy-1.0.6 installed
Apr 26 17:52:50 anubis pkg[94086]: setxkbmap-1.3.2 installed
Apr 26 17:52:50 anubis pkg[94086]: sessreg-1.1.2 installed
Apr 26 17:52:50 anubis pkg[94086]: iceauth-1.0.8_2 installed
Apr 26 17:52:50 anubis pkg[94086]: bitmap-1.0.9 installed
Apr 26 17:52:50 anubis pkg[94086]: appres-1.0.5 installed
Apr 26 17:52:50 anubis pkg[94086]: twm-1.0.10 installed
Apr 26 17:52:50 anubis pkg[94086]: xclock-1.0.9 installed
Apr 26 17:52:50 anubis pkg[94086]: xorg-fonts-type1-7.7 installed
Apr 26 17:52:50 anubis pkg[94086]: xorg-fonts-miscbitmaps-7.7 installed
Apr 26 17:52:50 anubis pkg[94086]: xorg-fonts-cyrillic-7.7 installed
Apr 26 17:52:50 anubis pkg[94086]: xorg-fonts-75dpi-7.7 installed
Apr 26 17:52:50 anubis pkg[94086]: xorg-fonts-100dpi-7.7 installed
Apr 26 17:52:50 anubis pkg[94086]: xf86-video-vesa-2.4.0_3 installed
Apr 26 17:52:50 anubis pkg[94086]: xf86-video-scfb-0.0.5_2 installed
Apr 26 17:52:50 anubis pkg[94086]: xf86-input-mouse-1.9.3_3 installed
Apr 26 17:52:50 anubis pkg[94086]: xf86-input-libinput-0.29.0 installed
Apr 26 17:52:50 anubis pkg[94086]: xf86-input-keyboard-1.9.0_4 installed
Apr 26 17:52:50 anubis pkg[94086]: mpc-1.1.0_2 installed
Apr 26 17:52:56 anubis pkg[94086]: binutils-2.33.1_2,1 installed
Apr 26 17:52:58 anubis pkg[94086]: git-2.26.1 installed
Apr 26 17:52:58 anubis pkg[94086]: xorg-apps-7.7_4 installed
Apr 26 17:52:58 anubis pkg[94086]: xorg-fonts-7.7_1 installed
Apr 26 17:52:58 anubis pkg[94086]: xorg-drivers-7.7_6 installed
Apr 26 17:52:58 anubis pkg[94086]: lsof-4.93.2_10,8 installed
Apr 26 17:53:07 anubis pkg[94086]: emacs-devel-28.0.50.20200314,2 installed
Apr 26 17:53:07 anubis pkg[94086]: xorg-libraries-7.7_4 installed
Apr 26 17:53:07 anubis pkg[94086]: xorg-docs-1.7.1,1 installed
Apr 26 17:53:07 anubis pkg[94086]: xcursor-themes-1.0.6 installed
Apr 26 17:53:09 anubis pkg[94086]: gpu-firmware-kmod-g20200130 installed
Apr 26 17:53:38 anubis pkg[94086]: llvm90-9.0.1_1 installed
Apr 26 17:53:47 anubis pkg[94086]: gcc9-9.3.0 installed
Apr 26 17:53:48 anubis pkg[94086]: htop-2.2.0_1 installed
Apr 26 17:53:48 anubis pkg[94086]: gsed-4.8 installed
Apr 26 17:53:48 anubis pkg[94086]: gmake-4.2.1_3 installed
Apr 26 17:53:48 anubis pkg[94086]: git-extras-5.1.0 installed
Apr 26 17:53:48 anubis pkg[94086]: doc-mode.el-emacs28-1.1_17 installed
Apr 26 17:53:48 anubis pkg[94086]: git-modes-emacs28-1.2.8_3,1 installed
Apr 26 17:53:48 anubis pkg[94086]: pkg-info.el-emacs28-0.6_3 installed
Apr 26 17:53:48 anubis pkg[94086]: slime-emacs28-2.23_3 installed
Apr 26 17:53:48 anubis pkg[94086]: with-editor-emacs28-2.9.1_1 installed
Apr 26 17:53:48 anubis pkg[94086]: xorg-7.7_3 installed
Apr 26 17:53:48 anubis pkg[94086]: xdm-1.1.12_3 installed
Apr 26 17:53:49 anubis pkg[94086]: drm-fbsd12.0-kmod-4.16.g20200221 installed
Apr 26 17:53:49 anubis pkg[94086]: llvm-90 installed
Apr 26 17:53:49 anubis pkg[94086]: gcc-9_4 installed
Apr 26 17:53:49 anubis pkg[94086]: fortune-mod-futurama-0.2_4 installed
Apr 26 17:53:49 anubis pkg[94086]: fortune-mod-freebsd-classic-g20171128 installed
Apr 26 18:00:48 anubis reboot[71641]: rebooted by root
Apr 26 18:00:48 anubis syslogd: exiting on signal 15
Apr 26 18:02:10 anubis syslogd: kernel boot file is /boot/kernel/kernel
Apr 26 18:02:10 anubis kernel: Waiting (max 60 seconds) for system process `vnlru' to stop... done
Apr 26 18:02:10 anubis kernel: Waiting (max 60 seconds) for system process `syncer' to stop... 
Apr 26 18:02:10 anubis kernel: Syncing disks, vnodes remaining... 0 0 0 0 done
Apr 26 18:02:10 anubis kernel: Waiting (max 60 seconds) for system thread `bufdaemon' to stop... done
Apr 26 18:02:10 anubis kernel: Waiting (max 60 seconds) for system thread `bufspacedaemon-0' to stop... done
Apr 26 18:02:10 anubis kernel: Waiting (max 60 seconds) for system thread `bufspacedaemon-2' to stop... done
Apr 26 18:02:10 anubis kernel: Waiting (max 60 seconds) for system thread `bufspacedaemon-1' to stop... done
Apr 26 18:02:10 anubis kernel: Waiting (max 60 seconds) for system thread `bufspacedaemon-3' to stop... done
Apr 26 18:02:10 anubis kernel: All buffers synced.
Apr 26 18:02:10 anubis kernel: Uptime: 55m28s
Apr 26 18:02:10 anubis kernel: GEOM_ELI: Device ada0p4.eli destroyed.
Apr 26 18:02:10 anubis kernel: GEOM_ELI: Detached ada0p4.eli on last close.
Apr 26 18:02:10 anubis kernel: ---<<BOOT>>---
Apr 26 18:02:10 anubis kernel: Copyright (c) 1992-2019 The FreeBSD Project.
Apr 26 18:02:10 anubis kernel: Copyright (c) 1979, 1980, 1983, 1986, 1988, 1989, 1991, 1992, 1993, 1994
Apr 26 18:02:10 anubis kernel: 	The Regents of the University of California. All rights reserved.
Apr 26 18:02:10 anubis kernel: FreeBSD is a registered trademark of The FreeBSD Foundation.
Apr 26 18:02:10 anubis kernel: FreeBSD 12.1-RELEASE-p3 GENERIC amd64
Apr 26 18:02:10 anubis kernel: FreeBSD clang version 8.0.1 (tags/RELEASE_801/final 366581) (based on LLVM 8.0.1)
Apr 26 18:02:10 anubis kernel: VT(efifb): resolution 1024x768
Apr 26 18:02:10 anubis kernel: CPU: AMD A6-4455M APU with Radeon(tm) HD Graphics    (2096.33-MHz K8-class CPU)
Apr 26 18:02:10 anubis kernel:   Origin="AuthenticAMD"  Id=0x610f01  Family=0x15  Model=0x10  Stepping=1
Apr 26 18:02:10 anubis kernel:   Features=0x178bfbff<FPU,VME,DE,PSE,TSC,MSR,PAE,MCE,CX8,APIC,SEP,MTRR,PGE,MCA,CMOV,PAT,PSE36,CLFLUSH,MMX,FXSR,SSE,SSE2,HTT>
Apr 26 18:02:10 anubis kernel:   Features2=0x3e98320b<SSE3,PCLMULQDQ,MON,SSSE3,FMA,CX16,SSE4.1,SSE4.2,POPCNT,AESNI,XSAVE,OSXSAVE,AVX,F16C>
Apr 26 18:02:10 anubis kernel:   AMD Features=0x2e500800<SYSCALL,NX,MMX+,FFXSR,Page1GB,RDTSCP,LM>
Apr 26 18:02:10 anubis kernel:   AMD Features2=0x1ebbfff<LAHF,CMP,SVM,ExtAPIC,CR8,ABM,SSE4A,MAS,Prefetch,OSVW,IBS,XOP,SKINIT,WDT,LWP,FMA4,TCE,NodeId,TBM,Topology,PCXC,PNXC>
Apr 26 18:02:10 anubis kernel:   Structured Extended Features=0x8<BMI1>
Apr 26 18:02:10 anubis kernel:   SVM: NP,NRIP,VClean,AFlush,DAssist,NAsids=65536
Apr 26 18:02:10 anubis kernel:   TSC: P-state invariant, performance statistics
Apr 26 18:02:10 anubis kernel: real memory  = 8589934592 (8192 MB)
Apr 26 18:02:10 anubis kernel: avail memory = 7691628544 (7335 MB)
Apr 26 18:02:10 anubis kernel: Event timer "LAPIC" quality 600
Apr 26 18:02:10 anubis kernel: ACPI APIC Table: <SECCSD LH43STAR>
Apr 26 18:02:10 anubis kernel: FreeBSD/SMP: Multiprocessor System Detected: 2 CPUs
Apr 26 18:02:10 anubis kernel: FreeBSD/SMP: 1 package(s) x 2 core(s)
Apr 26 18:02:10 anubis kernel: random: unblocking device.
Apr 26 18:02:10 anubis kernel: Firmware Warning (ACPI): Optional FADT field Pm2ControlBlock has valid Length but zero Address: 0x0000000000000000/0x1 (20181213/tbfadt-796)
Apr 26 18:02:10 anubis kernel: ioapic0 <Version 2.1> irqs 0-23 on motherboard
Apr 26 18:02:10 anubis kernel: Launching APs: 1
Apr 26 18:02:10 anubis kernel: Timecounter "TSC" frequency 2096326677 Hz quality 1000
Apr 26 18:02:10 anubis kernel: random: entropy device external interface
Apr 26 18:02:10 anubis kernel: 000.000019 [4335] netmap_init               netmap: loaded module
Apr 26 18:02:10 anubis kernel: [ath_hal] loaded
Apr 26 18:02:10 anubis kernel: module_register_init: MOD_LOAD (vesa, 0xffffffff8112e0f0, 0) error 19
Apr 26 18:02:10 anubis kernel: kbd1 at kbdmux0
Apr 26 18:02:10 anubis kernel: nexus0
Apr 26 18:02:10 anubis kernel: efirtc0: <EFI Realtime Clock> on motherboard
Apr 26 18:02:10 anubis kernel: efirtc0: registered as a time-of-day clock, resolution 1.000000s
Apr 26 18:02:10 anubis kernel: cryptosoft0: <software crypto> on motherboard
Apr 26 18:02:10 anubis kernel: aesni0: <AES-CBC,AES-CCM,AES-GCM,AES-ICM,AES-XTS> on motherboard
Apr 26 18:02:10 anubis kernel: acpi0: <SECCSD LH43STAR> on motherboard
Apr 26 18:02:10 anubis kernel: acpi0: Power Button (fixed)
Apr 26 18:02:10 anubis kernel: cpu0: <ACPI CPU> on acpi0
Apr 26 18:02:10 anubis kernel: attimer0: <AT timer> port 0x40-0x43 irq 0 on acpi0
Apr 26 18:02:10 anubis kernel: Timecounter "i8254" frequency 1193182 Hz quality 0
Apr 26 18:02:10 anubis kernel: Event timer "i8254" frequency 1193182 Hz quality 100
Apr 26 18:02:10 anubis kernel: atrtc0: <AT realtime clock> port 0x70-0x71 irq 8 on acpi0
Apr 26 18:02:10 anubis kernel: atrtc0: registered as a time-of-day clock, resolution 1.000000s
Apr 26 18:02:10 anubis kernel: Event timer "RTC" frequency 32768 Hz quality 0
Apr 26 18:02:10 anubis kernel: hpet0: <High Precision Event Timer> iomem 0xfed00000-0xfed003ff on acpi0
Apr 26 18:02:10 anubis kernel: Timecounter "HPET" frequency 14318180 Hz quality 950
Apr 26 18:02:10 anubis kernel: Timecounter "ACPI-fast" frequency 3579545 Hz quality 900
Apr 26 18:02:10 anubis kernel: acpi_timer0: <32-bit timer at 3.579545MHz> port 0x808-0x80b on acpi0
Apr 26 18:02:10 anubis kernel: acpi_ec0: <Embedded Controller: GPE 0x3> port 0x62,0x66 on acpi0
Apr 26 18:02:10 anubis kernel: pcib0: <ACPI Host-PCI bridge> port 0xcf8-0xcff on acpi0
Apr 26 18:02:10 anubis kernel: pci0: <ACPI PCI bus> on pcib0
Apr 26 18:02:10 anubis kernel: vgapci0: <VGA-compatible display> port 0xf000-0xf0ff mem 0xc0000000-0xcfffffff,0xfeb00000-0xfeb3ffff at device 1.0 on pci0
Apr 26 18:02:10 anubis kernel: vgapci0: Boot video device
Apr 26 18:02:10 anubis kernel: hdac0: <ATI (0x9902) HDA Controller> mem 0xfeb44000-0xfeb47fff at device 1.1 on pci0
Apr 26 18:02:10 anubis kernel: hdac0: hdac_get_capabilities: Invalid corb size (0)
Apr 26 18:02:10 anubis kernel: device_attach: hdac0 attach returned 6
Apr 26 18:02:10 anubis kernel: pcib1: <ACPI PCI-PCI bridge> at device 4.0 on pci0
Apr 26 18:02:10 anubis kernel: pci1: <ACPI PCI bus> on pcib1
Apr 26 18:02:10 anubis kernel: re0: <RealTek 8168/8111 B/C/CP/D/DP/E/F/G PCIe Gigabit Ethernet> port 0xe000-0xe0ff mem 0xd0004000-0xd0004fff,0xd0000000-0xd0003fff at device 0.0 on pci1
Apr 26 18:02:10 anubis kernel: re0: Using 1 MSI-X message
Apr 26 18:02:10 anubis kernel: re0: ASPM disabled
Apr 26 18:02:10 anubis kernel: re0: Chip rev. 0x2c800000
Apr 26 18:02:10 anubis kernel: re0: MAC rev. 0x00100000
Apr 26 18:02:10 anubis kernel: miibus0: <MII bus> on re0
Apr 26 18:02:10 anubis kernel: rgephy0: <RTL8169S/8110S/8211 1000BASE-T media interface> PHY 1 on miibus0
Apr 26 18:02:10 anubis kernel: rgephy0:  none, 10baseT, 10baseT-FDX, 10baseT-FDX-flow, 100baseTX, 100baseTX-FDX, 100baseTX-FDX-flow, 1000baseT, 1000baseT-master, 1000baseT-FDX, 1000baseT-FDX-master, 1000baseT-FDX-flow, 1000baseT-FDX-flow-master, auto, auto-flow
Apr 26 18:02:10 anubis kernel: re0: Using defaults for TSO: 65518/35/2048
Apr 26 18:02:10 anubis kernel: re0: Ethernet address: 50:b7:c3:78:97:4d
Apr 26 18:02:10 anubis kernel: re0: netmap queues/slots: TX 1/256, RX 1/256
Apr 26 18:02:10 anubis kernel: xhci0: <XHCI (generic) USB 3.0 controller> mem 0xfeb48000-0xfeb49fff at device 16.0 on pci0
Apr 26 18:02:10 anubis kernel: xhci0: 32 bytes context size, 64-bit DMA
Apr 26 18:02:10 anubis kernel: xhci0: Unable to map MSI-X table 
Apr 26 18:02:10 anubis kernel: usbus0 on xhci0
Apr 26 18:02:10 anubis kernel: usbus0: 5.0Gbps Super Speed USB v3.0
Apr 26 18:02:10 anubis kernel: ahci0: <AMD Hudson-2 AHCI SATA controller> port 0xf140-0xf147,0xf130-0xf133,0xf120-0xf127,0xf110-0xf113,0xf100-0xf10f mem 0xfeb4e000-0xfeb4e7ff at device 17.0 on pci0
Apr 26 18:02:10 anubis kernel: ahci0: AHCI v1.30 with 2 6Gbps ports, Port Multiplier supported
Apr 26 18:02:10 anubis kernel: ahcich0: <AHCI channel> at channel 0 on ahci0
Apr 26 18:02:10 anubis kernel: ahcich3: <AHCI channel> at channel 3 on ahci0
Apr 26 18:02:10 anubis kernel: ohci0: <AMD FCH USB Controller> mem 0xfeb4d000-0xfeb4dfff at device 18.0 on pci0
Apr 26 18:02:10 anubis kernel: usbus1 on ohci0
Apr 26 18:02:10 anubis kernel: usbus1: 12Mbps Full Speed USB v1.0
Apr 26 18:02:10 anubis kernel: ehci0: <AMD FCH USB 2.0 controller> mem 0xfeb4c000-0xfeb4c0ff at device 18.2 on pci0
Apr 26 18:02:10 anubis kernel: usbus2: EHCI version 1.0
Apr 26 18:02:10 anubis kernel: usbus2 on ehci0
Apr 26 18:02:10 anubis kernel: usbus2: 480Mbps High Speed USB v2.0
Apr 26 18:02:10 anubis kernel: ohci1: <AMD FCH USB Controller> mem 0xfeb4b000-0xfeb4bfff at device 19.0 on pci0
Apr 26 18:02:10 anubis kernel: usbus3 on ohci1
Apr 26 18:02:10 anubis kernel: usbus3: 12Mbps Full Speed USB v1.0
Apr 26 18:02:10 anubis kernel: ehci1: <AMD FCH USB 2.0 controller> mem 0xfeb4a000-0xfeb4a0ff at device 19.2 on pci0
Apr 26 18:02:10 anubis kernel: usbus4: EHCI version 1.0
Apr 26 18:02:10 anubis kernel: usbus4 on ehci1
Apr 26 18:02:10 anubis kernel: usbus4: 480Mbps High Speed USB v2.0
Apr 26 18:02:10 anubis kernel: hdac0: <AMD Hudson-2 HDA Controller> mem 0xfeb40000-0xfeb43fff at device 20.2 on pci0
Apr 26 18:02:10 anubis kernel: isab0: <PCI-ISA bridge> at device 20.3 on pci0
Apr 26 18:02:10 anubis kernel: isa0: <ISA bus> on isab0
Apr 26 18:02:10 anubis kernel: pcib2: <ACPI PCI-PCI bridge> at device 20.4 on pci0
Apr 26 18:02:10 anubis kernel: pci2: <ACPI PCI bus> on pcib2
Apr 26 18:02:10 anubis kernel: pcib3: <ACPI PCI-PCI bridge> at device 21.0 on pci0
Apr 26 18:02:10 anubis kernel: pci3: <ACPI PCI bus> on pcib3
Apr 26 18:02:10 anubis kernel: ath0: <Atheros AR946x/AR948x> mem 0xfea00000-0xfea7ffff at device 0.0 on pci3
Apr 26 18:02:10 anubis kernel: ar9300_flash_map: unimplemented for now
Apr 26 18:02:10 anubis kernel: Restoring Cal data from DRAM
Apr 26 18:02:10 anubis kernel: Restoring Cal data from EEPROM
Apr 26 18:02:10 anubis kernel: Restoring Cal data from Flash
Apr 26 18:02:10 anubis syslogd: last message repeated 1 times
Apr 26 18:02:10 anubis kernel: Restoring Cal data from OTP
Apr 26 18:02:10 anubis kernel: ar9300_hw_attach: ar9300_eeprom_attach returned 0
Apr 26 18:02:10 anubis kernel: ath0: [HT] enabling HT modes
Apr 26 18:02:10 anubis kernel: ath0: [HT] enabling short-GI in 20MHz mode
Apr 26 18:02:10 anubis kernel: ath0: [HT] 1 stream STBC receive enabled
Apr 26 18:02:10 anubis kernel: ath0: [HT] 1 stream STBC transmit enabled
Apr 26 18:02:10 anubis kernel: ath0: [HT] LDPC transmit/receive enabled
Apr 26 18:02:10 anubis kernel: ath0: [HT] 2 RX streams; 2 TX streams
Apr 26 18:02:10 anubis kernel: ath0: AR9460 mac 640.2 RF5110 phy 3877.8
Apr 26 18:02:10 anubis kernel: ath0: 2GHz radio: 0x0000; 5GHz radio: 0x0000
Apr 26 18:02:10 anubis kernel: acpi_acad0: <AC Adapter> on acpi0
Apr 26 18:02:10 anubis kernel: battery0: <ACPI Control Method Battery> on acpi0
Apr 26 18:02:10 anubis kernel: acpi_lid0: <Control Method Lid Switch> on acpi0
Apr 26 18:02:10 anubis kernel: acpi_button0: <Power Button> on acpi0
Apr 26 18:02:10 anubis kernel: acpi_tz0: <Thermal Zone> port 0x100-0x107 on acpi0
Apr 26 18:02:10 anubis kernel: atkbdc0: <Keyboard controller (i8042)> port 0x60,0x64 irq 1 on acpi0
Apr 26 18:02:10 anubis kernel: atkbd0: <AT Keyboard> irq 1 on atkbdc0
Apr 26 18:02:10 anubis kernel: kbd0 at atkbd0
Apr 26 18:02:10 anubis kernel: atkbd0: [GIANT-LOCKED]
Apr 26 18:02:10 anubis kernel: psm0: <PS/2 Mouse> irq 12 on atkbdc0
Apr 26 18:02:10 anubis kernel: psm0: [GIANT-LOCKED]
Apr 26 18:02:10 anubis kernel: psm0: model Generic PS/2 mouse, device ID 0
Apr 26 18:02:10 anubis kernel: hwpstate0: <Cool`n'Quiet 2.0> on cpu0
Apr 26 18:02:10 anubis kernel: ZFS filesystem version: 5
Apr 26 18:02:10 anubis kernel: ZFS storage pool version: features support (5000)
Apr 26 18:02:10 anubis kernel: Timecounters tick every 1.000 msec
Apr 26 18:02:10 anubis kernel: hdacc0: <Realtek ALC269 HDA CODEC> at cad 0 on hdac0
Apr 26 18:02:10 anubis kernel: hdaa0: <Realtek ALC269 Audio Function Group> at nid 1 on hdacc0
Apr 26 18:02:10 anubis kernel: pcm0: <Realtek ALC269 (Analog)> at nid 20 and 24 on hdaa0
Apr 26 18:02:10 anubis kernel: pcm1: <Realtek ALC269 (Analog)> at nid 21 and 25 on hdaa0
Apr 26 18:02:10 anubis kernel: ugen4.1: <AMD EHCI root HUB> at usbus4
Apr 26 18:02:10 anubis kernel: ugen1.1: <AMD OHCI root HUB> at usbus1
Apr 26 18:02:10 anubis kernel: uhub0: <AMD EHCI root HUB, class 9/0, rev 2.00/1.00, addr 1> on usbus4
Apr 26 18:02:10 anubis kernel: uhub1: <AMD OHCI root HUB, class 9/0, rev 1.00/1.00, addr 1> on usbus1
Apr 26 18:02:10 anubis kernel: ugen3.1: <AMD OHCI root HUB> at usbus3
Apr 26 18:02:10 anubis kernel: uhub2: <AMD OHCI root HUB, class 9/0, rev 1.00/1.00, addr 1> on usbus3
Apr 26 18:02:10 anubis kernel: ugen2.1: <AMD EHCI root HUB> at usbus2
Apr 26 18:02:10 anubis kernel: ugen0.1: <0x1022 XHCI root HUB> at usbus0
Apr 26 18:02:10 anubis kernel: uhub3: <AMD EHCI root HUB, class 9/0, rev 2.00/1.00, addr 1> on usbus2
Apr 26 18:02:10 anubis kernel: uhub4: <0x1022 XHCI root HUB, class 9/0, rev 3.00/1.00, addr 1> on usbus0
Apr 26 18:02:10 anubis kernel: ada0 at ahcich0 bus 0 scbus0 target 0 lun 0
Apr 26 18:02:10 anubis kernel: ada0: <ADATA SP900 5.0.7b> ATA8-ACS SATA 3.x device
Apr 26 18:02:10 anubis kernel: ada0: Serial Number 7E0320038352
Apr 26 18:02:10 anubis kernel: ada0: 600.000MB/s transfers (SATA 3.x, UDMA6, PIO 8192bytes)
Apr 26 18:02:10 anubis kernel: ada0: Command Queueing enabled
Apr 26 18:02:10 anubis kernel: ada0: 244198MB (500118192 512 byte sectors)
Apr 26 18:02:10 anubis kernel: Trying to mount root from zfs:zroot/ROOT/default []...
Apr 26 18:02:10 anubis kernel: GEOM_ELI: Device ada0p4.eli created.
Apr 26 18:02:10 anubis kernel: GEOM_ELI: Encryption: AES-XTS 256
Apr 26 18:02:10 anubis kernel: GEOM_ELI:     Crypto: hardware
Apr 26 18:02:10 anubis kernel: Root mount waiting for: usbus4 usbus3 usbus2 usbus1 usbus0
Apr 26 18:02:10 anubis kernel: uhub1: 5 ports with 5 removable, self powered
Apr 26 18:02:10 anubis kernel: uhub2: 5 ports with 5 removable, self powered
Apr 26 18:02:10 anubis kernel: uhub4: 4 ports with 4 removable, self powered
Apr 26 18:02:10 anubis kernel: ugen0.2: <Logitech USB Receiver> at usbus0
Apr 26 18:02:10 anubis kernel: ukbd0 on uhub4
Apr 26 18:02:10 anubis kernel: ukbd0: <Logitech USB Receiver, class 0/0, rev 2.00/12.03, addr 1> on usbus0
Apr 26 18:02:10 anubis kernel: kbd2 at ukbd0
Apr 26 18:02:10 anubis kernel: Root mount waiting for: usbus4 usbus2
Apr 26 18:02:10 anubis syslogd: last message repeated 1 times
Apr 26 18:02:10 anubis kernel: uhub3: 5 ports with 5 removable, self powered
Apr 26 18:02:10 anubis kernel: uhub0: 5 ports with 5 removable, self powered
Apr 26 18:02:10 anubis kernel: Root mount waiting for: usbus4
Apr 26 18:02:10 anubis kernel: ugen3.2: <vendor 0x0cf3 product 0x3004> at usbus3
Apr 26 18:02:10 anubis kernel: ugen4.2: <Generic WebCam SC-13HDL12131N> at usbus4
Apr 26 18:02:10 anubis kernel: [drm] radeon kernel modesetting enabled.
Apr 26 18:02:10 anubis kernel: drmn0: <drmn> on vgapci0
Apr 26 18:02:10 anubis kernel: vgapci0: child drmn0 requested pci_enable_io
Apr 26 18:02:10 anubis syslogd: last message repeated 1 times
Apr 26 18:02:10 anubis kernel: [drm] initializing kernel modesetting (ARUBA 0x1002:0x990A 0x144D:0xC660 0x00).
Apr 26 18:02:10 anubis kernel: [drm:radeon_device_init] Unable to find PCI I/O BAR
Apr 26 18:02:10 anubis kernel: [drm:radeon_atombios_init] Unable to find PCI I/O BAR; using MMIO for ATOM IIO
Apr 26 18:02:10 anubis kernel: ATOM BIOS: BR042452.007
Apr 26 18:02:10 anubis kernel: drmn0: VRAM: 512M 0x0000000000000000 - 0x000000001FFFFFFF (512M used)
Apr 26 18:02:10 anubis kernel: drmn0: GTT: 1024M 0x0000000020000000 - 0x000000005FFFFFFF
Apr 26 18:02:10 anubis kernel: Successfully added WC MTRR for [0xc0000000-0xcfffffff]: 0; 
Apr 26 18:02:10 anubis kernel: [drm] Detected VRAM RAM=512M, BAR=256M
Apr 26 18:02:10 anubis kernel: [drm] RAM width 64bits DDR
Apr 26 18:02:10 anubis kernel: [TTM] Zone  kernel: Available graphics memory: 3888642 kiB
Apr 26 18:02:10 anubis kernel: [TTM] Zone   dma32: Available graphics memory: 2097152 kiB
Apr 26 18:02:10 anubis kernel: [TTM] Initializing pool allocator
Apr 26 18:02:10 anubis kernel: [drm] radeon: 512M of VRAM memory ready
Apr 26 18:02:10 anubis kernel: [drm] radeon: 1024M of GTT memory ready.
Apr 26 18:02:10 anubis kernel: [drm] Loading ARUBA Microcode
Apr 26 18:02:10 anubis kernel: drmn0: successfully loaded firmware image with name: radeon/ARUBA_pfp.bin
Apr 26 18:02:10 anubis kernel: drmn0: successfully loaded firmware image with name: radeon/ARUBA_me.bin
Apr 26 18:02:10 anubis kernel: drmn0: successfully loaded firmware image with name: radeon/ARUBA_rlc.bin
Apr 26 18:02:10 anubis kernel: [drm] Internal thermal controller without fan control
Apr 26 18:02:10 anubis kernel: [drm] radeon: dpm initialized
Apr 26 18:02:10 anubis kernel: drmn0: successfully loaded firmware image with name: radeon/TAHITI_uvd.bin
Apr 26 18:02:10 anubis kernel: drmn0: successfully loaded firmware image with name: radeon/TAHITI_vce.bin
Apr 26 18:02:10 anubis kernel: [drm] Found VCE firmware/feedback version 50.0.1 / 17!
Apr 26 18:02:10 anubis kernel: [drm] GART: num cpu pages 262144, num gpu pages 262144
Apr 26 18:02:10 anubis kernel: [drm] PCIE GART of 1024M enabled (table at 0x00000000001D6000).
Apr 26 18:02:10 anubis kernel: drmn0: WB enabled
Apr 26 18:02:10 anubis kernel: drmn0: fence driver on ring 0 use gpu addr 0x0000000020000c00 and cpu addr 0x0xfffff80039824c00
Apr 26 18:02:10 anubis kernel: drmn0: fence driver on ring 5 use gpu addr 0x0000000000075a18 and cpu addr 0x0xfffff800c0075a18
Apr 26 18:02:10 anubis kernel: drmn0: fence driver on ring 6 use gpu addr 0x0000000020000c18 and cpu addr 0x0xfffff80039824c18
Apr 26 18:02:10 anubis kernel: drmn0: fence driver on ring 7 use gpu addr 0x0000000020000c1c and cpu addr 0x0xfffff80039824c1c
Apr 26 18:02:10 anubis kernel: drmn0: fence driver on ring 1 use gpu addr 0x0000000020000c04 and cpu addr 0x0xfffff80039824c04
Apr 26 18:02:10 anubis kernel: drmn0: fence driver on ring 2 use gpu addr 0x0000000020000c08 and cpu addr 0x0xfffff80039824c08
Apr 26 18:02:10 anubis kernel: drmn0: fence driver on ring 3 use gpu addr 0x0000000020000c0c and cpu addr 0x0xfffff80039824c0c
Apr 26 18:02:10 anubis kernel: drmn0: fence driver on ring 4 use gpu addr 0x0000000020000c10 and cpu addr 0x0xfffff80039824c10
Apr 26 18:02:10 anubis kernel: [drm] Supports vblank timestamp caching Rev 2 (21.10.2013).
Apr 26 18:02:10 anubis kernel: [drm] Driver supports precise vblank timestamp query.
Apr 26 18:02:10 anubis kernel: drmn0: radeon: MSI limited to 32-bit
Apr 26 18:02:10 anubis kernel: drmn0: radeon: using MSI.
Apr 26 18:02:10 anubis kernel: [drm] radeon: irq initialized.
Apr 26 18:02:10 anubis kernel: [drm] ring test on 0 succeeded in 3 usecs
Apr 26 18:02:10 anubis kernel: [drm] ring test on 3 succeeded in 3 usecs
Apr 26 18:02:10 anubis kernel: [drm] ring test on 4 succeeded in 3 usecs
Apr 26 18:02:10 anubis kernel: [drm:uvd_v1_0_start] UVD not responding, trying to reset the VCPU!!!
Apr 26 18:02:10 anubis syslogd: last message repeated 9 times
Apr 26 18:02:10 anubis kernel: [drm:uvd_v1_0_start] UVD not responding, giving up!!!
Apr 26 18:02:10 anubis kernel: drmn0: failed initializing UVD (-1).
Apr 26 18:02:10 anubis kernel: [drm:vce_v1_0_start] VCE not responding, trying to reset the ECPU!!!
Apr 26 18:02:10 anubis syslogd: last message repeated 9 times
Apr 26 18:02:10 anubis kernel: [drm:vce_v1_0_start] VCE not responding, giving up!!!
Apr 26 18:02:10 anubis kernel: drmn0: failed initializing VCE (-1).
Apr 26 18:02:10 anubis kernel: [drm] ib test on ring 0 succeeded in 0 usecs
Apr 26 18:02:10 anubis kernel: [drm] ib test on ring 3 succeeded in 0 usecs
Apr 26 18:02:10 anubis kernel: [drm] ib test on ring 4 succeeded in 0 usecs
Apr 26 18:02:10 anubis kernel: [drm] Connector HDMI-A-1: get mode from tunables:
Apr 26 18:02:10 anubis kernel: [drm]   - kern.vt.fb.modes.HDMI-A-1
Apr 26 18:02:10 anubis kernel: [drm]   - kern.vt.fb.default_mode
Apr 26 18:02:10 anubis kernel: [drm] Connector VGA-1: get mode from tunables:
Apr 26 18:02:10 anubis kernel: [drm]   - kern.vt.fb.modes.VGA-1
Apr 26 18:02:10 anubis kernel: [drm]   - kern.vt.fb.default_mode
Apr 26 18:02:10 anubis kernel: [drm] Connector LVDS-1: get mode from tunables:
Apr 26 18:02:10 anubis kernel: [drm]   - kern.vt.fb.modes.LVDS-1
Apr 26 18:02:10 anubis kernel: [drm]   - kern.vt.fb.default_mode
Apr 26 18:02:10 anubis kernel: [drm] radeon atom DIG backlight initialized
Apr 26 18:02:10 anubis kernel: [drm] Radeon Display Connectors
Apr 26 18:02:10 anubis kernel: [drm] Connector 0:
Apr 26 18:02:10 anubis kernel: [drm]   HDMI-A-1
Apr 26 18:02:10 anubis kernel: [drm]   HPD1
Apr 26 18:02:10 anubis kernel: [drm]   DDC: 0x6530 0x6530 0x6534 0x6534 0x6538 0x6538 0x653c 0x653c
Apr 26 18:02:10 anubis kernel: [drm]   Encoders:
Apr 26 18:02:10 anubis kernel: [drm]     DFP1: INTERNAL_UNIPHY2
Apr 26 18:02:10 anubis kernel: [drm] Connector 1:
Apr 26 18:02:10 anubis kernel: [drm]   VGA-1
Apr 26 18:02:10 anubis kernel: [drm]   HPD2
Apr 26 18:02:10 anubis kernel: [drm]   DDC: 0x6540 0x6540 0x6544 0x6544 0x6548 0x6548 0x654c 0x654c
Apr 26 18:02:10 anubis kernel: [drm]   Encoders:
Apr 26 18:02:10 anubis kernel: [drm]     CRT1: INTERNAL_UNIPHY2
Apr 26 18:02:10 anubis kernel: [drm]     CRT1: NUTMEG
Apr 26 18:02:10 anubis kernel: [drm] Connector 2:
Apr 26 18:02:10 anubis kernel: [drm]   LVDS-1
Apr 26 18:02:10 anubis kernel: [drm]   HPD3
Apr 26 18:02:10 anubis kernel: [drm]   DDC: 0x6550 0x6550 0x6554 0x6554 0x6558 0x6558 0x655c 0x655c
Apr 26 18:02:10 anubis kernel: [drm]   Encoders:
Apr 26 18:02:10 anubis kernel: [drm]     LCD1: INTERNAL_UNIPHY
Apr 26 18:02:10 anubis kernel: [drm]     LCD1: TRAVIS
Apr 26 18:02:10 anubis kernel: [drm] fb mappable at 0xC03DA000
Apr 26 18:02:10 anubis kernel: [drm] vram apper at 0xC0000000
Apr 26 18:02:10 anubis kernel: [drm] size 4325376
Apr 26 18:02:10 anubis kernel: [drm] fb depth is 24
Apr 26 18:02:10 anubis kernel: [drm]    pitch is 5632
Apr 26 18:02:10 anubis kernel: VT: Replacing driver "efifb" with new "fb".
Apr 26 18:02:10 anubis kernel: start FB_INFO:
Apr 26 18:02:10 anubis kernel: type=11 height=768 width=1366 depth=32
Apr 26 18:02:10 anubis kernel: cmsize=16 size=4325376
Apr 26 18:02:10 anubis kernel: pbase=0xc03da000 vbase=0xfffff800c03da000
Apr 26 18:02:10 anubis kernel: name=drmn0 flags=0x0 stride=5632 bpp=32
Apr 26 18:02:10 anubis kernel: cmap[0]=0 cmap[1]=7f0000 cmap[2]=7f00 cmap[3]=c4a000
Apr 26 18:02:10 anubis kernel: end FB_INFO
Apr 26 18:02:10 anubis kernel: drmn0: fb0: radeondrmfb frame buffer device
Apr 26 18:02:10 anubis kernel: [drm] Initialized radeon 2.50.0 20080528 for drmn0 on minor 0
Apr 26 18:02:10 anubis kernel: lo0: link state changed to UP
Apr 26 18:02:10 anubis kernel: re0: link state changed to DOWN
Apr 26 18:02:10 anubis kernel: re0: link state changed to UP
Apr 26 18:02:10 anubis kernel: hdac1: <ATI (0x9902) HDA Controller> mem 0xfeb44000-0xfeb47fff at device 1.1 on pci0
Apr 26 18:02:10 anubis kernel: hdac1: hdac_get_capabilities: Invalid corb size (0)
Apr 26 18:02:10 anubis kernel: device_attach: hdac1 attach returned 6
Apr 26 18:02:10 anubis kernel: intsmb0: <AMD FCH SMBus Controller> at device 20.0 on pci0
Apr 26 18:02:10 anubis kernel: smbus0: <System Management Bus> on intsmb0
Apr 26 18:02:10 anubis kernel: ums0 on uhub4
Apr 26 18:02:10 anubis kernel: ums0: <Logitech USB Receiver, class 0/0, rev 2.00/12.03, addr 1> on usbus0
Apr 26 18:02:10 anubis kernel: ums0: 16 buttons and [XYZT] coordinates ID=2
Apr 26 18:02:10 anubis kernel: uhid0 on uhub4
Apr 26 18:02:10 anubis kernel: uhid0: <Logitech USB Receiver, class 0/0, rev 2.00/12.03, addr 1> on usbus0
Apr 26 18:02:10 anubis ntpd[19096]: ntpd 4.2.8p12-a (1): Starting
Apr 26 18:02:10 anubis kernel: .
Apr 26 18:02:10 anubis kernel: Security policy loaded: MAC/ntpd (mac_ntpd)
Apr 26 18:02:10 anubis ntpd[19096]: Command line: /usr/sbin/ntpd -p /var/db/ntp/ntpd.pid -c /etc/ntp.conf -f /var/db/ntp/ntpd.drift
Apr 26 18:02:10 anubis ntpd[19096]: ----------------------------------------------------
Apr 26 18:02:10 anubis ntpd[19096]: ntp-4 is maintained by Network Time Foundation,
Apr 26 18:02:10 anubis ntpd[19096]: Inc. (NTF), a non-profit 501(c)(3) public-benefit
Apr 26 18:02:10 anubis ntpd[19096]: corporation.  Support and training for ntp-4 are
Apr 26 18:02:10 anubis ntpd[19096]: available at https://www.nwtime.org/support
Apr 26 18:02:10 anubis ntpd[19096]: ----------------------------------------------------
Apr 26 18:02:10 anubis ntpd[19836]: leapsecond file ('/var/db/ntpd.leap-seconds.list'): good hash signature
Apr 26 18:02:10 anubis ntpd[19836]: leapsecond file ('/var/db/ntpd.leap-seconds.list'): loaded, expire=2019-12-28T00:00:00Z last=2017-01-01T00:00:00Z ofs=37
Apr 26 18:02:10 anubis ntpd[19836]: leapsecond file ('/var/db/ntpd.leap-seconds.list'): expired 121 days ago
Apr 26 18:03:11 anubis login[54017]: ROOT LOGIN (root) ON ttyv0
Apr 26 18:03:15 anubis halt[55055]: halted by root
Apr 26 18:03:15 anubis syslogd: exiting on signal 15
Apr 26 18:34:39 anubis syslogd: kernel boot file is /boot/kernel/kernel
Apr 26 18:34:39 anubis kernel: ---<<BOOT>>---
Apr 26 18:34:39 anubis kernel: Copyright (c) 1992-2019 The FreeBSD Project.
Apr 26 18:34:39 anubis kernel: Copyright (c) 1979, 1980, 1983, 1986, 1988, 1989, 1991, 1992, 1993, 1994
Apr 26 18:34:39 anubis kernel: 	The Regents of the University of California. All rights reserved.
Apr 26 18:34:39 anubis kernel: FreeBSD is a registered trademark of The FreeBSD Foundation.
Apr 26 18:34:39 anubis kernel: FreeBSD 12.1-RELEASE-p3 GENERIC amd64
Apr 26 18:34:39 anubis kernel: FreeBSD clang version 8.0.1 (tags/RELEASE_801/final 366581) (based on LLVM 8.0.1)
Apr 26 18:34:39 anubis kernel: VT(efifb): resolution 1024x768
Apr 26 18:34:39 anubis kernel: CPU: AMD A6-4455M APU with Radeon(tm) HD Graphics    (2096.33-MHz K8-class CPU)
Apr 26 18:34:39 anubis kernel:   Origin="AuthenticAMD"  Id=0x610f01  Family=0x15  Model=0x10  Stepping=1
Apr 26 18:34:39 anubis kernel:   Features=0x178bfbff<FPU,VME,DE,PSE,TSC,MSR,PAE,MCE,CX8,APIC,SEP,MTRR,PGE,MCA,CMOV,PAT,PSE36,CLFLUSH,MMX,FXSR,SSE,SSE2,HTT>
Apr 26 18:34:39 anubis kernel:   Features2=0x3e98320b<SSE3,PCLMULQDQ,MON,SSSE3,FMA,CX16,SSE4.1,SSE4.2,POPCNT,AESNI,XSAVE,OSXSAVE,AVX,F16C>
Apr 26 18:34:39 anubis kernel:   AMD Features=0x2e500800<SYSCALL,NX,MMX+,FFXSR,Page1GB,RDTSCP,LM>
Apr 26 18:34:39 anubis kernel:   AMD Features2=0x1ebbfff<LAHF,CMP,SVM,ExtAPIC,CR8,ABM,SSE4A,MAS,Prefetch,OSVW,IBS,XOP,SKINIT,WDT,LWP,FMA4,TCE,NodeId,TBM,Topology,PCXC,PNXC>
Apr 26 18:34:39 anubis kernel:   Structured Extended Features=0x8<BMI1>
Apr 26 18:34:39 anubis kernel:   SVM: NP,NRIP,VClean,AFlush,DAssist,NAsids=65536
Apr 26 18:34:39 anubis kernel:   TSC: P-state invariant, performance statistics
Apr 26 18:34:39 anubis kernel: real memory  = 8589934592 (8192 MB)
Apr 26 18:34:39 anubis kernel: avail memory = 7691628544 (7335 MB)
Apr 26 18:34:39 anubis kernel: Event timer "LAPIC" quality 600
Apr 26 18:34:39 anubis kernel: ACPI APIC Table: <SECCSD LH43STAR>
Apr 26 18:34:39 anubis kernel: FreeBSD/SMP: Multiprocessor System Detected: 2 CPUs
Apr 26 18:34:39 anubis kernel: FreeBSD/SMP: 1 package(s) x 2 core(s)
Apr 26 18:34:39 anubis kernel: random: unblocking device.
Apr 26 18:34:39 anubis kernel: Firmware Warning (ACPI): Optional FADT field Pm2ControlBlock has valid Length but zero Address: 0x0000000000000000/0x1 (20181213/tbfadt-796)
Apr 26 18:34:39 anubis kernel: ioapic0 <Version 2.1> irqs 0-23 on motherboard
Apr 26 18:34:39 anubis kernel: Launching APs: 1
Apr 26 18:34:39 anubis kernel: Timecounter "TSC" frequency 2096329208 Hz quality 1000
Apr 26 18:34:39 anubis kernel: random: entropy device external interface
Apr 26 18:34:39 anubis kernel: 000.000019 [4335] netmap_init               netmap: loaded module
Apr 26 18:34:39 anubis kernel: [ath_hal] loaded
Apr 26 18:34:39 anubis kernel: module_register_init: MOD_LOAD (vesa, 0xffffffff8112e0f0, 0) error 19
Apr 26 18:34:39 anubis kernel: kbd1 at kbdmux0
Apr 26 18:34:39 anubis kernel: nexus0
Apr 26 18:34:39 anubis kernel: efirtc0: <EFI Realtime Clock> on motherboard
Apr 26 18:34:39 anubis kernel: efirtc0: registered as a time-of-day clock, resolution 1.000000s
Apr 26 18:34:39 anubis kernel: cryptosoft0: <software crypto> on motherboard
Apr 26 18:34:39 anubis kernel: aesni0: <AES-CBC,AES-CCM,AES-GCM,AES-ICM,AES-XTS> on motherboard
Apr 26 18:34:39 anubis kernel: acpi0: <SECCSD LH43STAR> on motherboard
Apr 26 18:34:39 anubis kernel: acpi0: Power Button (fixed)
Apr 26 18:34:39 anubis kernel: cpu0: <ACPI CPU> on acpi0
Apr 26 18:34:39 anubis kernel: attimer0: <AT timer> port 0x40-0x43 irq 0 on acpi0
Apr 26 18:34:39 anubis kernel: Timecounter "i8254" frequency 1193182 Hz quality 0
Apr 26 18:34:39 anubis kernel: Event timer "i8254" frequency 1193182 Hz quality 100
Apr 26 18:34:39 anubis kernel: atrtc0: <AT realtime clock> port 0x70-0x71 irq 8 on acpi0
Apr 26 18:34:39 anubis kernel: atrtc0: registered as a time-of-day clock, resolution 1.000000s
Apr 26 18:34:39 anubis kernel: Event timer "RTC" frequency 32768 Hz quality 0
Apr 26 18:34:39 anubis kernel: hpet0: <High Precision Event Timer> iomem 0xfed00000-0xfed003ff on acpi0
Apr 26 18:34:39 anubis kernel: Timecounter "HPET" frequency 14318180 Hz quality 950
Apr 26 18:34:39 anubis kernel: Timecounter "ACPI-fast" frequency 3579545 Hz quality 900
Apr 26 18:34:39 anubis kernel: acpi_timer0: <32-bit timer at 3.579545MHz> port 0x808-0x80b on acpi0
Apr 26 18:34:39 anubis kernel: acpi_ec0: <Embedded Controller: GPE 0x3> port 0x62,0x66 on acpi0
Apr 26 18:34:39 anubis kernel: pcib0: <ACPI Host-PCI bridge> port 0xcf8-0xcff on acpi0
Apr 26 18:34:39 anubis kernel: pci0: <ACPI PCI bus> on pcib0
Apr 26 18:34:39 anubis kernel: vgapci0: <VGA-compatible display> port 0xf000-0xf0ff mem 0xc0000000-0xcfffffff,0xfeb00000-0xfeb3ffff at device 1.0 on pci0
Apr 26 18:34:39 anubis kernel: vgapci0: Boot video device
Apr 26 18:34:39 anubis kernel: hdac0: <ATI (0x9902) HDA Controller> mem 0xfeb44000-0xfeb47fff at device 1.1 on pci0
Apr 26 18:34:39 anubis kernel: hdac0: hdac_get_capabilities: Invalid corb size (0)
Apr 26 18:34:39 anubis kernel: device_attach: hdac0 attach returned 6
Apr 26 18:34:39 anubis kernel: pcib1: <ACPI PCI-PCI bridge> at device 4.0 on pci0
Apr 26 18:34:39 anubis kernel: pci1: <ACPI PCI bus> on pcib1
Apr 26 18:34:39 anubis kernel: re0: <RealTek 8168/8111 B/C/CP/D/DP/E/F/G PCIe Gigabit Ethernet> port 0xe000-0xe0ff mem 0xd0004000-0xd0004fff,0xd0000000-0xd0003fff at device 0.0 on pci1
Apr 26 18:34:39 anubis kernel: re0: Using 1 MSI-X message
Apr 26 18:34:39 anubis kernel: re0: turning off MSI enable bit.
Apr 26 18:34:39 anubis kernel: re0: ASPM disabled
Apr 26 18:34:39 anubis kernel: re0: Chip rev. 0x2c800000
Apr 26 18:34:39 anubis kernel: re0: MAC rev. 0x00100000
Apr 26 18:34:39 anubis kernel: miibus0: <MII bus> on re0
Apr 26 18:34:39 anubis kernel: rgephy0: <RTL8169S/8110S/8211 1000BASE-T media interface> PHY 1 on miibus0
Apr 26 18:34:39 anubis kernel: rgephy0:  none, 10baseT, 10baseT-FDX, 10baseT-FDX-flow, 100baseTX, 100baseTX-FDX, 100baseTX-FDX-flow, 1000baseT, 1000baseT-master, 1000baseT-FDX, 1000baseT-FDX-master, 1000baseT-FDX-flow, 1000baseT-FDX-flow-master, auto, auto-flow
Apr 26 18:34:39 anubis kernel: re0: Using defaults for TSO: 65518/35/2048
Apr 26 18:34:39 anubis kernel: re0: Ethernet address: 50:b7:c3:78:97:4d
Apr 26 18:34:39 anubis kernel: re0: netmap queues/slots: TX 1/256, RX 1/256
Apr 26 18:34:39 anubis kernel: xhci0: <XHCI (generic) USB 3.0 controller> mem 0xfeb48000-0xfeb49fff at device 16.0 on pci0
Apr 26 18:34:39 anubis kernel: xhci0: 32 bytes context size, 64-bit DMA
Apr 26 18:34:39 anubis kernel: xhci0: Unable to map MSI-X table 
Apr 26 18:34:39 anubis kernel: usbus0 on xhci0
Apr 26 18:34:39 anubis kernel: usbus0: 5.0Gbps Super Speed USB v3.0
Apr 26 18:34:39 anubis kernel: ahci0: <AMD Hudson-2 AHCI SATA controller> port 0xf140-0xf147,0xf130-0xf133,0xf120-0xf127,0xf110-0xf113,0xf100-0xf10f mem 0xfeb4e000-0xfeb4e7ff at device 17.0 on pci0
Apr 26 18:34:39 anubis kernel: ahci0: AHCI v1.30 with 2 6Gbps ports, Port Multiplier supported
Apr 26 18:34:39 anubis kernel: ahcich0: <AHCI channel> at channel 0 on ahci0
Apr 26 18:34:39 anubis kernel: ahcich3: <AHCI channel> at channel 3 on ahci0
Apr 26 18:34:39 anubis kernel: ohci0: <AMD FCH USB Controller> mem 0xfeb4d000-0xfeb4dfff at device 18.0 on pci0
Apr 26 18:34:39 anubis kernel: usbus1 on ohci0
Apr 26 18:34:39 anubis kernel: usbus1: 12Mbps Full Speed USB v1.0
Apr 26 18:34:39 anubis kernel: ehci0: <AMD FCH USB 2.0 controller> mem 0xfeb4c000-0xfeb4c0ff at device 18.2 on pci0
Apr 26 18:34:39 anubis kernel: usbus2: EHCI version 1.0
Apr 26 18:34:39 anubis kernel: usbus2 on ehci0
Apr 26 18:34:39 anubis kernel: usbus2: 480Mbps High Speed USB v2.0
Apr 26 18:34:39 anubis kernel: ohci1: <AMD FCH USB Controller> mem 0xfeb4b000-0xfeb4bfff at device 19.0 on pci0
Apr 26 18:34:39 anubis kernel: usbus3 on ohci1
Apr 26 18:34:39 anubis kernel: usbus3: 12Mbps Full Speed USB v1.0
Apr 26 18:34:39 anubis kernel: ehci1: <AMD FCH USB 2.0 controller> mem 0xfeb4a000-0xfeb4a0ff at device 19.2 on pci0
Apr 26 18:34:39 anubis kernel: usbus4: EHCI version 1.0
Apr 26 18:34:39 anubis kernel: usbus4 on ehci1
Apr 26 18:34:39 anubis kernel: usbus4: 480Mbps High Speed USB v2.0
Apr 26 18:34:39 anubis kernel: hdac0: <AMD Hudson-2 HDA Controller> mem 0xfeb40000-0xfeb43fff at device 20.2 on pci0
Apr 26 18:34:39 anubis kernel: isab0: <PCI-ISA bridge> at device 20.3 on pci0
Apr 26 18:34:39 anubis kernel: isa0: <ISA bus> on isab0
Apr 26 18:34:39 anubis kernel: pcib2: <ACPI PCI-PCI bridge> at device 20.4 on pci0
Apr 26 18:34:39 anubis kernel: pci2: <ACPI PCI bus> on pcib2
Apr 26 18:34:39 anubis kernel: pcib3: <ACPI PCI-PCI bridge> at device 21.0 on pci0
Apr 26 18:34:39 anubis kernel: pci3: <ACPI PCI bus> on pcib3
Apr 26 18:34:39 anubis kernel: ath0: <Atheros AR946x/AR948x> mem 0xfea00000-0xfea7ffff at device 0.0 on pci3
Apr 26 18:34:39 anubis kernel: ar9300_flash_map: unimplemented for now
Apr 26 18:34:39 anubis kernel: Restoring Cal data from DRAM
Apr 26 18:34:39 anubis kernel: Restoring Cal data from EEPROM
Apr 26 18:34:39 anubis kernel: Restoring Cal data from Flash
Apr 26 18:34:39 anubis syslogd: last message repeated 1 times
Apr 26 18:34:39 anubis kernel: Restoring Cal data from OTP
Apr 26 18:34:39 anubis kernel: ar9300_hw_attach: ar9300_eeprom_attach returned 0
Apr 26 18:34:39 anubis kernel: ath0: [HT] enabling HT modes
Apr 26 18:34:39 anubis kernel: ath0: [HT] enabling short-GI in 20MHz mode
Apr 26 18:34:39 anubis kernel: ath0: [HT] 1 stream STBC receive enabled
Apr 26 18:34:39 anubis kernel: ath0: [HT] 1 stream STBC transmit enabled
Apr 26 18:34:39 anubis kernel: ath0: [HT] LDPC transmit/receive enabled
Apr 26 18:34:39 anubis kernel: ath0: [HT] 2 RX streams; 2 TX streams
Apr 26 18:34:39 anubis kernel: ath0: AR9460 mac 640.2 RF5110 phy 3877.9
Apr 26 18:34:39 anubis kernel: ath0: 2GHz radio: 0x0000; 5GHz radio: 0x0000
Apr 26 18:34:39 anubis kernel: acpi_acad0: <AC Adapter> on acpi0
Apr 26 18:34:39 anubis kernel: battery0: <ACPI Control Method Battery> on acpi0
Apr 26 18:34:39 anubis kernel: acpi_lid0: <Control Method Lid Switch> on acpi0
Apr 26 18:34:39 anubis kernel: acpi_button0: <Power Button> on acpi0
Apr 26 18:34:39 anubis kernel: acpi_tz0: <Thermal Zone> port 0x100-0x107 on acpi0
Apr 26 18:34:39 anubis kernel: atkbdc0: <Keyboard controller (i8042)> port 0x60,0x64 irq 1 on acpi0
Apr 26 18:34:39 anubis kernel: atkbd0: <AT Keyboard> irq 1 on atkbdc0
Apr 26 18:34:39 anubis kernel: kbd0 at atkbd0
Apr 26 18:34:39 anubis kernel: atkbd0: [GIANT-LOCKED]
Apr 26 18:34:39 anubis kernel: psm0: <PS/2 Mouse> irq 12 on atkbdc0
Apr 26 18:34:39 anubis kernel: psm0: [GIANT-LOCKED]
Apr 26 18:34:39 anubis kernel: psm0: model Generic PS/2 mouse, device ID 0
Apr 26 18:34:39 anubis kernel: hwpstate0: <Cool`n'Quiet 2.0> on cpu0
Apr 26 18:34:39 anubis kernel: ZFS filesystem version: 5
Apr 26 18:34:39 anubis kernel: ZFS storage pool version: features support (5000)
Apr 26 18:34:39 anubis kernel: Timecounters tick every 1.000 msec
Apr 26 18:34:39 anubis kernel: hdacc0: <Realtek ALC269 HDA CODEC> at cad 0 on hdac0
Apr 26 18:34:39 anubis kernel: hdaa0: <Realtek ALC269 Audio Function Group> at nid 1 on hdacc0
Apr 26 18:34:39 anubis kernel: pcm0: <Realtek ALC269 (Analog)> at nid 20 and 24 on hdaa0
Apr 26 18:34:39 anubis kernel: pcm1: <Realtek ALC269 (Analog)> at nid 21 and 25 on hdaa0
Apr 26 18:34:39 anubis kernel: ugen4.1: <AMD EHCI root HUB> at usbus4
Apr 26 18:34:39 anubis kernel: ugen1.1: <AMD OHCI root HUB> at usbus1
Apr 26 18:34:39 anubis kernel: uhub0: <AMD EHCI root HUB, class 9/0, rev 2.00/1.00, addr 1> on usbus4
Apr 26 18:34:39 anubis kernel: uhub1: <AMD OHCI root HUB, class 9/0, rev 1.00/1.00, addr 1> on usbus1
Apr 26 18:34:39 anubis kernel: ugen0.1: <0x1022 XHCI root HUB> at usbus0
Apr 26 18:34:39 anubis kernel: ugen3.1: <AMD OHCI root HUB> at usbus3
Apr 26 18:34:39 anubis kernel: uhub2: <0x1022 XHCI root HUB, class 9/0, rev 3.00/1.00, addr 1> on usbus0
Apr 26 18:34:39 anubis kernel: uhub3: <AMD OHCI root HUB, class 9/0, rev 1.00/1.00, addr 1> on usbus3
Apr 26 18:34:39 anubis kernel: ugen2.1: <AMD EHCI root HUB> at usbus2
Apr 26 18:34:39 anubis kernel: uhub4: <AMD EHCI root HUB, class 9/0, rev 2.00/1.00, addr 1> on usbus2
Apr 26 18:34:39 anubis kernel: ada0 at ahcich0 bus 0 scbus0 target 0 lun 0
Apr 26 18:34:39 anubis kernel: ada0: <ADATA SP900 5.0.7b> ATA8-ACS SATA 3.x device
Apr 26 18:34:39 anubis kernel: ada0: Serial Number 7E0320038352
Apr 26 18:34:39 anubis kernel: ada0: 600.000MB/s transfers (SATA 3.x, UDMA6, PIO 8192bytes)
Apr 26 18:34:39 anubis kernel: ada0: Command Queueing enabled
Apr 26 18:34:39 anubis kernel: ada0: 244198MB (500118192 512 byte sectors)
Apr 26 18:34:39 anubis kernel: Trying to mount root from zfs:zroot/ROOT/default []...
Apr 26 18:34:39 anubis kernel: GEOM_ELI: Device ada0p4.eli created.
Apr 26 18:34:39 anubis kernel: GEOM_ELI: Encryption: AES-XTS 256
Apr 26 18:34:39 anubis kernel: GEOM_ELI:     Crypto: hardware
Apr 26 18:34:39 anubis kernel: Root mount waiting for: usbus4 usbus3 usbus2 usbus1 usbus0
Apr 26 18:34:39 anubis kernel: uhub1: 5 ports with 5 removable, self powered
Apr 26 18:34:39 anubis kernel: uhub3: 5 ports with 5 removable, self powered
Apr 26 18:34:39 anubis kernel: uhub2: 4 ports with 4 removable, self powered
Apr 26 18:34:39 anubis kernel: ugen0.2: <Logitech USB Receiver> at usbus0
Apr 26 18:34:39 anubis kernel: ukbd0 on uhub2
Apr 26 18:34:39 anubis kernel: ukbd0: <Logitech USB Receiver, class 0/0, rev 2.00/12.03, addr 1> on usbus0
Apr 26 18:34:39 anubis kernel: kbd2 at ukbd0
Apr 26 18:34:39 anubis kernel: Root mount waiting for: usbus4 usbus2
Apr 26 18:34:39 anubis syslogd: last message repeated 1 times
Apr 26 18:34:39 anubis kernel: uhub0: 5 ports with 5 removable, self powered
Apr 26 18:34:39 anubis kernel: uhub4: 5 ports with 5 removable, self powered
Apr 26 18:34:39 anubis kernel: Root mount waiting for: usbus4
Apr 26 18:34:39 anubis kernel: ugen3.2: <vendor 0x0cf3 product 0x3004> at usbus3
Apr 26 18:34:39 anubis kernel: ugen4.2: <Generic WebCam SC-13HDL12131N> at usbus4
Apr 26 18:34:39 anubis kernel: [drm] radeon kernel modesetting enabled.
Apr 26 18:34:39 anubis kernel: drmn0: <drmn> on vgapci0
Apr 26 18:34:39 anubis kernel: vgapci0: child drmn0 requested pci_enable_io
Apr 26 18:34:39 anubis syslogd: last message repeated 1 times
Apr 26 18:34:39 anubis kernel: [drm] initializing kernel modesetting (ARUBA 0x1002:0x990A 0x144D:0xC660 0x00).
Apr 26 18:34:39 anubis kernel: [drm:radeon_device_init] Unable to find PCI I/O BAR
Apr 26 18:34:39 anubis kernel: [drm:radeon_atombios_init] Unable to find PCI I/O BAR; using MMIO for ATOM IIO
Apr 26 18:34:39 anubis kernel: ATOM BIOS: BR042452.007
Apr 26 18:34:39 anubis kernel: drmn0: VRAM: 512M 0x0000000000000000 - 0x000000001FFFFFFF (512M used)
Apr 26 18:34:39 anubis kernel: drmn0: GTT: 1024M 0x0000000020000000 - 0x000000005FFFFFFF
Apr 26 18:34:39 anubis kernel: Successfully added WC MTRR for [0xc0000000-0xcfffffff]: 0; 
Apr 26 18:34:39 anubis kernel: [drm] Detected VRAM RAM=512M, BAR=256M
Apr 26 18:34:39 anubis kernel: [drm] RAM width 64bits DDR
Apr 26 18:34:39 anubis kernel: [TTM] Zone  kernel: Available graphics memory: 3888642 kiB
Apr 26 18:34:39 anubis kernel: [TTM] Zone   dma32: Available graphics memory: 2097152 kiB
Apr 26 18:34:39 anubis kernel: [TTM] Initializing pool allocator
Apr 26 18:34:39 anubis kernel: [drm] radeon: 512M of VRAM memory ready
Apr 26 18:34:39 anubis kernel: [drm] radeon: 1024M of GTT memory ready.
Apr 26 18:34:39 anubis kernel: [drm] Loading ARUBA Microcode
Apr 26 18:34:39 anubis kernel: drmn0: successfully loaded firmware image with name: radeon/ARUBA_pfp.bin
Apr 26 18:34:39 anubis kernel: drmn0: successfully loaded firmware image with name: radeon/ARUBA_me.bin
Apr 26 18:34:39 anubis kernel: drmn0: successfully loaded firmware image with name: radeon/ARUBA_rlc.bin
Apr 26 18:34:39 anubis kernel: [drm] Internal thermal controller without fan control
Apr 26 18:34:39 anubis kernel: [drm] radeon: dpm initialized
Apr 26 18:34:39 anubis kernel: drmn0: successfully loaded firmware image with name: radeon/TAHITI_uvd.bin
Apr 26 18:34:39 anubis kernel: drmn0: successfully loaded firmware image with name: radeon/TAHITI_vce.bin
Apr 26 18:34:39 anubis kernel: [drm] Found VCE firmware/feedback version 50.0.1 / 17!
Apr 26 18:34:39 anubis kernel: [drm] GART: num cpu pages 262144, num gpu pages 262144
Apr 26 18:34:39 anubis kernel: [drm] PCIE GART of 1024M enabled (table at 0x00000000001D6000).
Apr 26 18:34:39 anubis kernel: drmn0: WB enabled
Apr 26 18:34:39 anubis kernel: drmn0: fence driver on ring 0 use gpu addr 0x0000000020000c00 and cpu addr 0x0xfffff8003a7d3c00
Apr 26 18:34:39 anubis kernel: drmn0: fence driver on ring 5 use gpu addr 0x0000000000075a18 and cpu addr 0x0xfffff800c0075a18
Apr 26 18:34:39 anubis kernel: drmn0: fence driver on ring 6 use gpu addr 0x0000000020000c18 and cpu addr 0x0xfffff8003a7d3c18
Apr 26 18:34:39 anubis kernel: drmn0: fence driver on ring 7 use gpu addr 0x0000000020000c1c and cpu addr 0x0xfffff8003a7d3c1c
Apr 26 18:34:39 anubis kernel: drmn0: fence driver on ring 1 use gpu addr 0x0000000020000c04 and cpu addr 0x0xfffff8003a7d3c04
Apr 26 18:34:39 anubis kernel: drmn0: fence driver on ring 2 use gpu addr 0x0000000020000c08 and cpu addr 0x0xfffff8003a7d3c08
Apr 26 18:34:39 anubis kernel: drmn0: fence driver on ring 3 use gpu addr 0x0000000020000c0c and cpu addr 0x0xfffff8003a7d3c0c
Apr 26 18:34:39 anubis kernel: drmn0: fence driver on ring 4 use gpu addr 0x0000000020000c10 and cpu addr 0x0xfffff8003a7d3c10
Apr 26 18:34:39 anubis kernel: [drm] Supports vblank timestamp caching Rev 2 (21.10.2013).
Apr 26 18:34:39 anubis kernel: [drm] Driver supports precise vblank timestamp query.
Apr 26 18:34:39 anubis kernel: drmn0: radeon: MSI limited to 32-bit
Apr 26 18:34:39 anubis kernel: drmn0: radeon: using MSI.
Apr 26 18:34:39 anubis kernel: [drm] radeon: irq initialized.
Apr 26 18:34:39 anubis kernel: [drm] ring test on 0 succeeded in 3 usecs
Apr 26 18:34:39 anubis kernel: [drm] ring test on 3 succeeded in 4 usecs
Apr 26 18:34:39 anubis kernel: [drm] ring test on 4 succeeded in 3 usecs
Apr 26 18:34:39 anubis kernel: [drm:uvd_v1_0_start] UVD not responding, trying to reset the VCPU!!!
Apr 26 18:34:39 anubis syslogd: last message repeated 9 times
Apr 26 18:34:39 anubis kernel: [drm:uvd_v1_0_start] UVD not responding, giving up!!!
Apr 26 18:34:39 anubis kernel: drmn0: failed initializing UVD (-1).
Apr 26 18:34:39 anubis kernel: [drm:vce_v1_0_start] VCE not responding, trying to reset the ECPU!!!
Apr 26 18:34:39 anubis syslogd: last message repeated 9 times
Apr 26 18:34:39 anubis kernel: [drm:vce_v1_0_start] VCE not responding, giving up!!!
Apr 26 18:34:39 anubis kernel: drmn0: failed initializing VCE (-1).
Apr 26 18:34:39 anubis kernel: [drm] ib test on ring 0 succeeded in 0 usecs
Apr 26 18:34:39 anubis kernel: [drm] ib test on ring 3 succeeded in 0 usecs
Apr 26 18:34:39 anubis kernel: [drm] ib test on ring 4 succeeded in 0 usecs
Apr 26 18:34:39 anubis kernel: [drm] Connector HDMI-A-1: get mode from tunables:
Apr 26 18:34:39 anubis kernel: [drm]   - kern.vt.fb.modes.HDMI-A-1
Apr 26 18:34:39 anubis kernel: [drm]   - kern.vt.fb.default_mode
Apr 26 18:34:39 anubis kernel: [drm] Connector VGA-1: get mode from tunables:
Apr 26 18:34:39 anubis kernel: [drm]   - kern.vt.fb.modes.VGA-1
Apr 26 18:34:39 anubis kernel: [drm]   - kern.vt.fb.default_mode
Apr 26 18:34:39 anubis kernel: [drm] Connector LVDS-1: get mode from tunables:
Apr 26 18:34:39 anubis kernel: [drm]   - kern.vt.fb.modes.LVDS-1
Apr 26 18:34:39 anubis kernel: [drm]   - kern.vt.fb.default_mode
Apr 26 18:34:39 anubis kernel: [drm] radeon atom DIG backlight initialized
Apr 26 18:34:39 anubis kernel: [drm] Radeon Display Connectors
Apr 26 18:34:39 anubis kernel: [drm] Connector 0:
Apr 26 18:34:39 anubis kernel: [drm]   HDMI-A-1
Apr 26 18:34:39 anubis kernel: [drm]   HPD1
Apr 26 18:34:39 anubis kernel: [drm]   DDC: 0x6530 0x6530 0x6534 0x6534 0x6538 0x6538 0x653c 0x653c
Apr 26 18:34:39 anubis kernel: [drm]   Encoders:
Apr 26 18:34:39 anubis kernel: [drm]     DFP1: INTERNAL_UNIPHY2
Apr 26 18:34:39 anubis kernel: [drm] Connector 1:
Apr 26 18:34:39 anubis kernel: [drm]   VGA-1
Apr 26 18:34:39 anubis kernel: [drm]   HPD2
Apr 26 18:34:39 anubis kernel: [drm]   DDC: 0x6540 0x6540 0x6544 0x6544 0x6548 0x6548 0x654c 0x654c
Apr 26 18:34:39 anubis kernel: [drm]   Encoders:
Apr 26 18:34:39 anubis kernel: [drm]     CRT1: INTERNAL_UNIPHY2
Apr 26 18:34:39 anubis kernel: [drm]     CRT1: NUTMEG
Apr 26 18:34:39 anubis kernel: [drm] Connector 2:
Apr 26 18:34:39 anubis kernel: [drm]   LVDS-1
Apr 26 18:34:39 anubis kernel: [drm]   HPD3
Apr 26 18:34:39 anubis kernel: [drm]   DDC: 0x6550 0x6550 0x6554 0x6554 0x6558 0x6558 0x655c 0x655c
Apr 26 18:34:39 anubis kernel: [drm]   Encoders:
Apr 26 18:34:39 anubis kernel: [drm]     LCD1: INTERNAL_UNIPHY
Apr 26 18:34:39 anubis kernel: [drm]     LCD1: TRAVIS
Apr 26 18:34:39 anubis kernel: [drm] fb mappable at 0xC03DA000
Apr 26 18:34:39 anubis kernel: [drm] vram apper at 0xC0000000
Apr 26 18:34:39 anubis kernel: [drm] size 4325376
